Archive member included to satisfy reference by file (symbol)

c:/st/stm32cubeide_1.7.0/stm32cubeide/plugins/com.st.stm32cube.ide.mcu.externaltools.gnu-tools-for-stm32.9-2020-q2-update.win32_2.0.0.202105311346/tools/bin/../lib/gcc/arm-none-eabi/9.3.1/../../../../arm-none-eabi/lib/thumb/v7-m/nofp\libstdc++_nano.a(pure.o)
                              ./Core/Src/main.o (__cxa_pure_virtual)
c:/st/stm32cubeide_1.7.0/stm32cubeide/plugins/com.st.stm32cube.ide.mcu.externaltools.gnu-tools-for-stm32.9-2020-q2-update.win32_2.0.0.202105311346/tools/bin/../lib/gcc/arm-none-eabi/9.3.1/../../../../arm-none-eabi/lib/thumb/v7-m/nofp\libstdc++_nano.a(eh_terminate.o)
                              c:/st/stm32cubeide_1.7.0/stm32cubeide/plugins/com.st.stm32cube.ide.mcu.externaltools.gnu-tools-for-stm32.9-2020-q2-update.win32_2.0.0.202105311346/tools/bin/../lib/gcc/arm-none-eabi/9.3.1/../../../../arm-none-eabi/lib/thumb/v7-m/nofp\libstdc++_nano.a(pure.o) (std::terminate())
c:/st/stm32cubeide_1.7.0/stm32cubeide/plugins/com.st.stm32cube.ide.mcu.externaltools.gnu-tools-for-stm32.9-2020-q2-update.win32_2.0.0.202105311346/tools/bin/../lib/gcc/arm-none-eabi/9.3.1/../../../../arm-none-eabi/lib/thumb/v7-m/nofp\libstdc++_nano.a(eh_unex_handler.o)
                              c:/st/stm32cubeide_1.7.0/stm32cubeide/plugins/com.st.stm32cube.ide.mcu.externaltools.gnu-tools-for-stm32.9-2020-q2-update.win32_2.0.0.202105311346/tools/bin/../lib/gcc/arm-none-eabi/9.3.1/../../../../arm-none-eabi/lib/thumb/v7-m/nofp\libstdc++_nano.a(eh_terminate.o) (__cxxabiv1::__unexpected_handler)
c:/st/stm32cubeide_1.7.0/stm32cubeide/plugins/com.st.stm32cube.ide.mcu.externaltools.gnu-tools-for-stm32.9-2020-q2-update.win32_2.0.0.202105311346/tools/bin/../lib/gcc/arm-none-eabi/9.3.1/../../../../arm-none-eabi/lib/thumb/v7-m/nofp\libstdc++_nano.a(eh_term_handler.o)
                              c:/st/stm32cubeide_1.7.0/stm32cubeide/plugins/com.st.stm32cube.ide.mcu.externaltools.gnu-tools-for-stm32.9-2020-q2-update.win32_2.0.0.202105311346/tools/bin/../lib/gcc/arm-none-eabi/9.3.1/../../../../arm-none-eabi/lib/thumb/v7-m/nofp\libstdc++_nano.a(eh_terminate.o) (__cxxabiv1::__terminate_handler)
c:/st/stm32cubeide_1.7.0/stm32cubeide/plugins/com.st.stm32cube.ide.mcu.externaltools.gnu-tools-for-stm32.9-2020-q2-update.win32_2.0.0.202105311346/tools/bin/../lib/gcc/arm-none-eabi/9.3.1/../../../../arm-none-eabi/lib/thumb/v7-m/nofp\libc_nano.a(lib_a-abort.o)
                              c:/st/stm32cubeide_1.7.0/stm32cubeide/plugins/com.st.stm32cube.ide.mcu.externaltools.gnu-tools-for-stm32.9-2020-q2-update.win32_2.0.0.202105311346/tools/bin/../lib/gcc/arm-none-eabi/9.3.1/../../../../arm-none-eabi/lib/thumb/v7-m/nofp\libstdc++_nano.a(eh_terminate.o) (abort)
c:/st/stm32cubeide_1.7.0/stm32cubeide/plugins/com.st.stm32cube.ide.mcu.externaltools.gnu-tools-for-stm32.9-2020-q2-update.win32_2.0.0.202105311346/tools/bin/../lib/gcc/arm-none-eabi/9.3.1/../../../../arm-none-eabi/lib/thumb/v7-m/nofp\libc_nano.a(lib_a-errno.o)
                              ./Core/Src/syscalls.o (__errno)
c:/st/stm32cubeide_1.7.0/stm32cubeide/plugins/com.st.stm32cube.ide.mcu.externaltools.gnu-tools-for-stm32.9-2020-q2-update.win32_2.0.0.202105311346/tools/bin/../lib/gcc/arm-none-eabi/9.3.1/../../../../arm-none-eabi/lib/thumb/v7-m/nofp\libc_nano.a(lib_a-exit.o)
                              c:/st/stm32cubeide_1.7.0/stm32cubeide/plugins/com.st.stm32cube.ide.mcu.externaltools.gnu-tools-for-stm32.9-2020-q2-update.win32_2.0.0.202105311346/tools/bin/../lib/gcc/arm-none-eabi/9.3.1/../../../../arm-none-eabi/lib/thumb/v7-m/nofp/crt0.o (exit)
c:/st/stm32cubeide_1.7.0/stm32cubeide/plugins/com.st.stm32cube.ide.mcu.externaltools.gnu-tools-for-stm32.9-2020-q2-update.win32_2.0.0.202105311346/tools/bin/../lib/gcc/arm-none-eabi/9.3.1/../../../../arm-none-eabi/lib/thumb/v7-m/nofp\libc_nano.a(lib_a-impure.o)
                              c:/st/stm32cubeide_1.7.0/stm32cubeide/plugins/com.st.stm32cube.ide.mcu.externaltools.gnu-tools-for-stm32.9-2020-q2-update.win32_2.0.0.202105311346/tools/bin/../lib/gcc/arm-none-eabi/9.3.1/../../../../arm-none-eabi/lib/thumb/v7-m/nofp\libc_nano.a(lib_a-exit.o) (_global_impure_ptr)
c:/st/stm32cubeide_1.7.0/stm32cubeide/plugins/com.st.stm32cube.ide.mcu.externaltools.gnu-tools-for-stm32.9-2020-q2-update.win32_2.0.0.202105311346/tools/bin/../lib/gcc/arm-none-eabi/9.3.1/../../../../arm-none-eabi/lib/thumb/v7-m/nofp\libc_nano.a(lib_a-init.o)
                              c:/st/stm32cubeide_1.7.0/stm32cubeide/plugins/com.st.stm32cube.ide.mcu.externaltools.gnu-tools-for-stm32.9-2020-q2-update.win32_2.0.0.202105311346/tools/bin/../lib/gcc/arm-none-eabi/9.3.1/../../../../arm-none-eabi/lib/thumb/v7-m/nofp/crt0.o (__libc_init_array)
c:/st/stm32cubeide_1.7.0/stm32cubeide/plugins/com.st.stm32cube.ide.mcu.externaltools.gnu-tools-for-stm32.9-2020-q2-update.win32_2.0.0.202105311346/tools/bin/../lib/gcc/arm-none-eabi/9.3.1/../../../../arm-none-eabi/lib/thumb/v7-m/nofp\libc_nano.a(lib_a-memset.o)
[...]
Memory Configuration

Name             Origin             Length             Attributes
RAM              0x0000000020000000 0x0000000000010000 xrw
FLASH            0x0000000008000000 0x0000000000080000 xr
*default*        0x0000000000000000 0xffffffffffffffff

Linker script and memory map

LOAD c:/st/stm32cubeide_1.7.0/stm32cubeide/plugins/com.st.stm32cube.ide.mcu.externaltools.gnu-tools-for-stm32.9-2020-q2-update.win32_2.0.0.202105311346/tools/bin/../lib/gcc/arm-none-eabi/9.3.1/thumb/v7-m/nofp/crti.o
LOAD c:/st/stm32cubeide_1.7.0/stm32cubeide/plugins/com.st.stm32cube.ide.mcu.externaltools.gnu-tools-for-stm32.9-2020-q2-update.win32_2.0.0.202105311346/tools/bin/../lib/gcc/arm-none-eabi/9.3.1/thumb/v7-m/nofp/crtbegin.o
LOAD c:/st/stm32cubeide_1.7.0/stm32cubeide/plugins/com.st.stm32cube.ide.mcu.externaltools.gnu-tools-for-stm32.9-2020-q2-update.win32_2.0.0.202105311346/tools/bin/../lib/gcc/arm-none-eabi/9.3.1/../../../../arm-none-eabi/lib/thumb/v7-m/nofp/crt0.o
LOAD ./Core/Src/main.o
LOAD ./Core/Src/stm32f1xx_hal_msp.o
LOAD ./Core/Src/stm32f1xx_it.o
LOAD ./Core/Src/syscalls.o
LOAD ./Core/Src/sysmem.o
LOAD ./Core/Src/system_stm32f1xx.o
LOAD ./Core/Startup/startup_stm32f103retx.o
LOAD ./Drivers/STM32F1xx_HAL_Driver/Src/stm32f1xx_hal.o
LOAD ./Drivers/STM32F1xx_HAL_Driver/Src/stm32f1xx_hal_adc.o
LOAD ./Drivers/STM32F1xx_HAL_Driver/Src/stm32f1xx_hal_adc_ex.o
LOAD ./Drivers/STM32F1xx_HAL_Driver/Src/stm32f1xx_hal_can.o
LOAD ./Drivers/STM32F1xx_HAL_Driver/Src/stm32f1xx_hal_cortex.o
LOAD ./Drivers/STM32F1xx_HAL_Driver/Src/stm32f1xx_hal_dma.o
LOAD ./Drivers/STM32F1xx_HAL_Driver/Src/stm32f1xx_hal_exti.o
LOAD ./Drivers/STM32F1xx_HAL_Driver/Src/stm32f1xx_hal_flash.o
LOAD ./Drivers/STM32F1xx_HAL_Driver/Src/stm32f1xx_hal_flash_ex.o
LOAD ./Drivers/STM32F1xx_HAL_Driver/Src/stm32f1xx_hal_gpio.o
LOAD ./Drivers/STM32F1xx_HAL_Driver/Src/stm32f1xx_hal_gpio_ex.o
LOAD ./Drivers/STM32F1xx_HAL_Driver/Src/stm32f1xx_hal_pwr.o
LOAD ./Drivers/STM32F1xx_HAL_Driver/Src/stm32f1xx_hal_rcc.o
LOAD ./Drivers/STM32F1xx_HAL_Driver/Src/stm32f1xx_hal_rcc_ex.o
LOAD ./Drivers/STM32F1xx_HAL_Driver/Src/stm32f1xx_hal_tim.o
LOAD ./Drivers/STM32F1xx_HAL_Driver/Src/stm32f1xx_hal_tim_ex.o
START GROUP
LOAD c:/st/stm32cubeide_1.7.0/stm32cubeide/plugins/com.st.stm32cube.ide.mcu.externaltools.gnu-tools-for-stm32.9-2020-q2-update.win32_2.0.0.202105311346/tools/bin/../lib/gcc/arm-none-eabi/9.3.1/../../../../arm-none-eabi/lib/thumb/v7-m/nofp\libstdc++_nano.a
LOAD c:/st/stm32cubeide_1.7.0/stm32cubeide/plugins/com.st.stm32cube.ide.mcu.externaltools.gnu-tools-for-stm32.9-2020-q2-update.win32_2.0.0.202105311346/tools/bin/../lib/gcc/arm-none-eabi/9.3.1/../../../../arm-none-eabi/lib/thumb/v7-m/nofp\libsupc++_nano.a
END GROUP
LOAD c:/st/stm32cubeide_1.7.0/stm32cubeide/plugins/com.st.stm32cube.ide.mcu.externaltools.gnu-tools-for-stm32.9-2020-q2-update.win32_2.0.0.202105311346/tools/bin/../lib/gcc/arm-none-eabi/9.3.1/../../../../arm-none-eabi/lib/thumb/v7-m/nofp\libstdc++_nano.a
LOAD c:/st/stm32cubeide_1.7.0/stm32cubeide/plugins/com.st.stm32cube.ide.mcu.externaltools.gnu-tools-for-stm32.9-2020-q2-update.win32_2.0.0.202105311346/tools/bin/../lib/gcc/arm-none-eabi/9.3.1/../../../../arm-none-eabi/lib/thumb/v7-m/nofp\libm.a
LOAD c:/st/stm32cubeide_1.7.0/stm32cubeide/plugins/com.st.stm32cube.ide.mcu.externaltools.gnu-tools-for-stm32.9-2020-q2-update.win32_2.0.0.202105311346/tools/bin/../lib/gcc/arm-none-eabi/9.3.1/../../../../arm-none-eabi/lib/thumb/v7-m/nofp\libc_nano.a
START GROUP
LOAD c:/st/stm32cubeide_1.7.0/stm32cubeide/plugins/com.st.stm32cube.ide.mcu.externaltools.gnu-tools-for-stm32.9-2020-q2-update.win32_2.0.0.202105311346/tools/bin/../lib/gcc/arm-none-eabi/9.3.1/thumb/v7-m/nofp\libgcc.a
LOAD c:/st/stm32cubeide_1.7.0/stm32cubeide/plugins/com.st.stm32cube.ide.mcu.externaltools.gnu-tools-for-stm32.9-2020-q2-update.win32_2.0.0.202105311346/tools/bin/../lib/gcc/arm-none-eabi/9.3.1/../../../../arm-none-eabi/lib/thumb/v7-m/nofp\libc_nano.a
END GROUP
START GROUP
LOAD c:/st/stm32cubeide_1.7.0/stm32cubeide/plugins/com.st.stm32cube.ide.mcu.externaltools.gnu-tools-for-stm32.9-2020-q2-update.win32_2.0.0.202105311346/tools/bin/../lib/gcc/arm-none-eabi/9.3.1/thumb/v7-m/nofp\libgcc.a
LOAD c:/st/stm32cubeide_1.7.0/stm32cubeide/plugins/com.st.stm32cube.ide.mcu.externaltools.gnu-tools-for-stm32.9-2020-q2-update.win32_2.0.0.202105311346/tools/bin/../lib/gcc/arm-none-eabi/9.3.1/../../../../arm-none-eabi/lib/thumb/v7-m/nofp\libc_nano.a
LOAD c:/st/stm32cubeide_1.7.0/stm32cubeide/plugins/com.st.stm32cube.ide.mcu.externaltools.gnu-tools-for-stm32.9-2020-q2-update.win32_2.0.0.202105311346/tools/bin/../lib/gcc/arm-none-eabi/9.3.1/../../../../arm-none-eabi/lib/thumb/v7-m/nofp\libnosys.a
END GROUP
START GROUP
LOAD c:/st/stm32cubeide_1.7.0/stm32cubeide/plugins/com.st.stm32cube.ide.mcu.externaltools.gnu-tools-for-stm32.9-2020-q2-update.win32_2.0.0.202105311346/tools/bin/../lib/gcc/arm-none-eabi/9.3.1/thumb/v7-m/nofp\libgcc.a
LOAD c:/st/stm32cubeide_1.7.0/stm32cubeide/plugins/com.st.stm32cube.ide.mcu.externaltools.gnu-tools-for-stm32.9-2020-q2-update.win32_2.0.0.202105311346/tools/bin/../lib/gcc/arm-none-eabi/9.3.1/../../../../arm-none-eabi/lib/thumb/v7-m/nofp\libc_nano.a
LOAD c:/st/stm32cubeide_1.7.0/stm32cubeide/plugins/com.st.stm32cube.ide.mcu.externaltools.gnu-tools-for-stm32.9-2020-q2-update.win32_2.0.0.202105311346/tools/bin/../lib/gcc/arm-none-eabi/9.3.1/../../../../arm-none-eabi/lib/thumb/v7-m/nofp\libnosys.a
END GROUP
LOAD c:/st/stm32cubeide_1.7.0/stm32cubeide/plugins/com.st.stm32cube.ide.mcu.externaltools.gnu-tools-for-stm32.9-2020-q2-update.win32_2.0.0.202105311346/tools/bin/../lib/gcc/arm-none-eabi/9.3.1/thumb/v7-m/nofp/crtend.o
LOAD c:/st/stm32cubeide_1.7.0/stm32cubeide/plugins/com.st.stm32cube.ide.mcu.externaltools.gnu-tools-for-stm32.9-2020-q2-update.win32_2.0.0.202105311346/tools/bin/../lib/gcc/arm-none-eabi/9.3.1/thumb/v7-m/nofp/crtn.o
                0x0000000020010000                _estack = (ORIGIN (RAM) + LENGTH (RAM))
                0x0000000000000200                _Min_Heap_Size = 0x200
                0x0000000000000400                _Min_Stack_Size = 0x400

.isr_vector     0x0000000008000000      0x1e4
                0x0000000008000000                . = ALIGN (0x4)
 *(.isr_vector)
 .isr_vector    0x0000000008000000      0x1e4 ./Core/Startup/startup_stm32f103retx.o
                0x0000000008000000                g_pfnVectors
                0x00000000080001e4                . = ALIGN (0x4)

.text           0x00000000080001e4     0x43b0
                0x00000000080001e4                . = ALIGN (0x4)
 *(.text)
 .text          0x00000000080001e4       0x40 c:/st/stm32cubeide_1.7.0/stm32cubeide/plugins/com.st.stm32cube.ide.mcu.externaltools.gnu-tools-for-stm32.9-2020-q2-update.win32_2.0.0.202105311346/tools/bin/../lib/gcc/arm-none-eabi/9.3.1/thumb/v7-m/nofp/crtbegin.o
 *(.text*)
 .text._ZN9Publisher9subscribeEP10Subscriber
                0x0000000008000224       0x1c ./Core/Src/main.o
                0x0000000008000224                Publisher::subscribe(Subscriber*)
 .text._ZN9Publisher11unsubscribeEP10Subscriber
                0x0000000008000240       0x1c ./Core/Src/main.o
                0x0000000008000240                Publisher::unsubscribe(Subscriber*)
 .text._ZN9Publisher6notifyEv
                0x000000000800025c       0x4e ./Core/Src/main.o
                0x000000000800025c                Publisher::notify()
 .text._ZN9PublisherC2Ev
                0x00000000080002aa       0x1a ./Core/Src/main.o
                0x00000000080002aa                Publisher::Publisher()
                0x00000000080002aa                Publisher::Publisher()
 .text._ZN11TickUpdater7SubtickC2Ev
                0x00000000080002c4       0x1a ./Core/Src/main.o
                0x00000000080002c4                TickUpdater::Subtick::Subtick()
                0x00000000080002c4                TickUpdater::Subtick::Subtick()
 *fill*         0x00000000080002de        0x2 
 .text._ZN11TickUpdaterC2Ev
                0x00000000080002e0       0x48 ./Core/Src/main.o
                0x00000000080002e0                TickUpdater::TickUpdater()
                0x00000000080002e0                TickUpdater::TickUpdater()
 .text.HAL_IncTick
                0x0000000008000328       0x14 ./Core/Src/main.o
                0x0000000008000328                HAL_IncTick
 .text._ZN14TickSubscriber9subscribeEv
                0x000000000800033c       0x34 ./Core/Src/main.o
                0x000000000800033c                TickSubscriber::subscribe()
 .text._ZN14TickSubscriber11unsubscribeEv
                0x0000000008000370       0x2c ./Core/Src/main.o
                0x0000000008000370                TickSubscriber::unsubscribe()
 .text._ZN10SubscriberC2Ev
                0x000000000800039c       0x20 ./Core/Src/main.o
                0x000000000800039c                Subscriber::Subscriber()
                0x000000000800039c                Subscriber::Subscriber()
 .text._ZN14TickSubscriberC2Ev
                0x00000000080003bc       0x24 ./Core/Src/main.o
                0x00000000080003bc                TickSubscriber::TickSubscriber()
                0x00000000080003bc                TickSubscriber::TickSubscriber()
 .text._ZN5TimerC2Em
                0x00000000080003e0       0x3c ./Core/Src/main.o
                0x00000000080003e0                Timer::Timer(unsigned long)
                0x00000000080003e0                Timer::Timer(unsigned long)
 .text._ZN5Timer6notifyEv
                0x000000000800041c       0x1c ./Core/Src/main.o
                0x000000000800041c                Timer::notify()
 .text._ZZN11TickUpdater9interruptEvENKUlvE_clEv
                0x0000000008000438       0x1a ./Core/Src/main.o
 .text._ZN11TickUpdater9interruptEv
                0x0000000008000452       0x22 ./Core/Src/main.o
                0x0000000008000452                TickUpdater::interrupt()
 .text._ZN5Timer5startEm
                0x0000000008000474       0x26 ./Core/Src/main.o
                0x0000000008000474                Timer::start(unsigned long)
 .text._ZN5Timer5eventEv
                0x000000000800049a       0x34 ./Core/Src/main.o
                0x000000000800049a                Timer::event()
 .text._ZN5Timer4stopEv
                0x00000000080004ce       0x1e ./Core/Src/main.o
                0x00000000080004ce                Timer::stop()
 .text._ZN5Timer4doneEv
                0x00000000080004ec       0x24 ./Core/Src/main.o
                0x00000000080004ec                Timer::done()
 .text._ZN9Interrupt9subscribeEP12Interrupting
                0x0000000008000510       0x1a ./Core/Src/main.o
                0x0000000008000510                Interrupt::subscribe(Interrupting*)
 .text._ZN9Interrupt9interruptEv
                0x000000000800052a       0x20 ./Core/Src/main.o
                0x000000000800052a                Interrupt::interrupt()
 *fill*         0x000000000800054a        0x2 
 .text._ZN4ADC_22adc_injected_interruptEv
                0x000000000800054c       0x80 ./Core/Src/main.o
                0x000000000800054c                ADC_::adc_injected_interrupt()
 .text._ZN12InterruptingC2Ev
                0x00000000080005cc       0x20 ./Core/Src/main.o
                0x00000000080005cc                Interrupting::Interrupting()
                0x00000000080005cc                Interrupting::Interrupting()
 .text._ZN4ADC_17ADC_INJ_interruptC2ERS_
                0x00000000080005ec       0x3c ./Core/Src/main.o
                0x00000000080005ec                ADC_::ADC_INJ_interrupt::ADC_INJ_interrupt(ADC_&)
                0x00000000080005ec                ADC_::ADC_INJ_interrupt::ADC_INJ_interrupt(ADC_&)
 .text._ZN4ADC_17ADC_INJ_interrupt9interruptEv
                0x0000000008000628       0x1a ./Core/Src/main.o
                0x0000000008000628                ADC_::ADC_INJ_interrupt::interrupt()
 *fill*         0x0000000008000642        0x2 
 .text._ZN4ADC_C2ER9Interruptt
                0x0000000008000644       0xe8 ./Core/Src/main.o
                0x0000000008000644                ADC_::ADC_(Interrupt&, unsigned short)
                0x0000000008000644                ADC_::ADC_(Interrupt&, unsigned short)
 .text._ZN4ADC_6notifyEv
                0x000000000800072c       0x40 ./Core/Src/main.o
                0x000000000800072c                ADC_::notify()
 .text._ZN4ADC_5startEv
                0x000000000800076c       0x18 ./Core/Src/main.o
                0x000000000800076c                ADC_::start()
 .text._ZN4ADC_4stopEv
                0x0000000008000784       0x18 ./Core/Src/main.o
                0x0000000008000784                ADC_::stop()
 .text._ZN4ADC_8lk_valueEv
                0x000000000800079c       0x16 ./Core/Src/main.o
                0x000000000800079c                ADC_::lk_value()
 .text._ZN4ADC_8kz_valueEv
                0x00000000080007b2       0x16 ./Core/Src/main.o
                0x00000000080007b2                ADC_::kz_value()
 .text.HAL_ADCEx_InjectedConvCpltCallback
                0x00000000080007c8       0x28 ./Core/Src/main.o
                0x00000000080007c8                HAL_ADCEx_InjectedConvCpltCallback
 .text._ZN3PinC2EP12GPIO_TypeDeft
                0x00000000080007f0       0x26 ./Core/Src/main.o
                0x00000000080007f0                Pin::Pin(GPIO_TypeDef*, unsigned short)
                0x00000000080007f0                Pin::Pin(GPIO_TypeDef*, unsigned short)
 .text._ZN3Pin3setEv
                0x0000000008000816       0x20 ./Core/Src/main.o
                0x0000000008000816                Pin::set()
 .text._ZN3Pin5clearEv
                0x0000000008000836       0x20 ./Core/Src/main.o
                0x0000000008000836                Pin::clear()
 .text._ZN3Pin6is_setEv
                0x0000000008000856       0x2c ./Core/Src/main.o
                0x0000000008000856                Pin::is_set()
 .text._ZN3Pin6toggleEv
                0x0000000008000882       0x20 ./Core/Src/main.o
                0x0000000008000882                Pin::toggle()
 .text._ZN3PinaSEb
                0x00000000080008a2       0x2a ./Core/Src/main.o
                0x00000000080008a2                Pin::operator=(bool)
 .text._ZN3PineOEb
                0x00000000080008cc       0x20 ./Core/Src/main.o
                0x00000000080008cc                Pin::operator^=(bool)
 .text._ZN3PincvbEv
                0x00000000080008ec       0x18 ./Core/Src/main.o
                0x00000000080008ec                Pin::operator bool()
 .text.HAL_CAN_RxFifo0MsgPendingCallback
                0x0000000008000904       0x1c ./Core/Src/main.o
                0x0000000008000904                HAL_CAN_RxFifo0MsgPendingCallback
 .text._ZN6DeviceC2ER4ADC_R3CANI5In_id6Out_idER3PinS8_S8_S8_S8_S8_S8_S8_S8_S8_S8_S8_S8_S8_S8_S8_
                0x0000000008000920       0xd6 ./Core/Src/main.o
                0x0000000008000920                Device::Device(ADC_&, CAN<In_id, Out_id>&, Pin&, Pin&, Pin&, Pin&, Pin&, Pin&, Pin&, Pin&, Pin&, Pin&, Pin&, Pin&, Pin&, Pin&, Pin&, Pin&)
                0x0000000008000920                Device::Device(ADC_&, CAN<In_id, Out_id>&, Pin&, Pin&, Pin&, Pin&, Pin&, Pin&, Pin&, Pin&, Pin&, Pin&, Pin&, Pin&, Pin&, Pin&, Pin&, Pin&)
 .text._ZN6DeviceclEv
                0x00000000080009f6      0x5a6 ./Core/Src/main.o
                0x00000000080009f6                Device::operator()()
 .text.main     0x0000000008000f9c      0x1e4 ./Core/Src/main.o
                0x0000000008000f9c                main
 .text._Z18SystemClock_Configv
                0x0000000008001180       0xd6 ./Core/Src/main.o
                0x0000000008001180                SystemClock_Config()
 *fill*         0x0000000008001256        0x2 
 .text._ZL12MX_ADC2_Initv
                0x0000000008001258       0xd8 ./Core/Src/main.o
 .text._ZL11MX_CAN_Initv
                0x0000000008001330       0xbc ./Core/Src/main.o
 .text._ZL12MX_GPIO_Initv
                0x00000000080013ec      0x198 ./Core/Src/main.o
 .text.Error_Handler
                0x0000000008001584        0xa ./Core/Src/main.o
                0x0000000008001584                Error_Handler
 .text._ZN13Static_vectorIP10SubscriberLj12EE9push_backES1_
                0x000000000800158e       0x2e ./Core/Src/main.o
                0x000000000800158e                Static_vector<Subscriber*, 12u>::push_back(Subscriber*)
 .text._ZN13Static_vectorIP10SubscriberLj12EE6removeES1_
                0x00000000080015bc       0x74 ./Core/Src/main.o
                0x00000000080015bc                Static_vector<Subscriber*, 12u>::remove(Subscriber*)
 .text._ZNK13Static_vectorIP10SubscriberLj12EE4cendEv
                0x0000000008001630       0x18 ./Core/Src/main.o
                0x0000000008001630                Static_vector<Subscriber*, 12u>::cend() const
 .text._ZNK13Static_vectorIP10SubscriberLj12EEixEj
                0x0000000008001648       0x1c ./Core/Src/main.o
                0x0000000008001648                Static_vector<Subscriber*, 12u>::operator[](unsigned int) const
 .text._ZN13Static_vectorIP10SubscriberLj12EEC2Ev
                0x0000000008001664       0x14 ./Core/Src/main.o
                0x0000000008001664                Static_vector<Subscriber*, 12u>::Static_vector()
                0x0000000008001664                Static_vector<Subscriber*, 12u>::Static_vector()
 .text._ZN10SystemTick13initInterruptILt1000EEEvv
                0x0000000008001678       0x2c ./Core/Src/main.o
                0x0000000008001678                void SystemTick::initInterrupt<(unsigned short)1000>()
 .text._Z18every_qty_cnt_callIZN11TickUpdater9interruptEvEUlvE_EvRjjT_
                0x00000000080016a4       0x42 ./Core/Src/main.o
 .text._ZN10HysteresisIttEC2ERKtttb
                0x00000000080016e6       0x40 ./Core/Src/main.o
                0x00000000080016e6                Hysteresis<unsigned short, unsigned short>::Hysteresis(unsigned short const&, unsigned short, unsigned short, bool)
                0x00000000080016e6                Hysteresis<unsigned short, unsigned short>::Hysteresis(unsigned short const&, unsigned short, unsigned short, bool)
 .text._ZN3CANI5In_id6Out_idE7is_workEv
                0x0000000008001726       0x18 ./Core/Src/main.o
                0x0000000008001726                CAN<In_id, Out_id>::is_work()
 .text._ZN10HysteresisIttEcvbEv
                0x000000000800173e       0x70 ./Core/Src/main.o
                0x000000000800173e                Hysteresis<unsigned short, unsigned short>::operator bool()
 *fill*         0x00000000080017ae        0x2 
 .text._ZN3CANI5In_id6Out_idEC2ER3PinR9Interruptt
                0x00000000080017b0      0x120 ./Core/Src/main.o
                0x00000000080017b0                CAN<In_id, Out_id>::CAN(Pin&, Interrupt&, unsigned short)
                0x00000000080017b0                CAN<In_id, Out_id>::CAN(Pin&, Interrupt&, unsigned short)
 .text._ZN3CANI5In_id6Out_idE16can_rx_interruptC2ERS2_
                0x00000000080018d0       0x3c ./Core/Src/main.o
                0x00000000080018d0                CAN<In_id, Out_id>::can_rx_interrupt::can_rx_interrupt(CAN<In_id, Out_id>&)
                0x00000000080018d0                CAN<In_id, Out_id>::can_rx_interrupt::can_rx_interrupt(CAN<In_id, Out_id>&)
 .text._Z41__static_initialization_and_destruction_0ii
                0x000000000800190c       0x2c ./Core/Src/main.o
 .text._ZN3CANI5In_id6Out_idE6notifyEv
                0x0000000008001938       0x58 ./Core/Src/main.o
                0x0000000008001938                CAN<In_id, Out_id>::notify()
 .text._ZN3CANI5In_id6Out_idE16can_rx_interrupt9interruptEv
                0x0000000008001990       0x1a ./Core/Src/main.o
                0x0000000008001990                CAN<In_id, Out_id>::can_rx_interrupt::interrupt()
 *fill*         0x00000000080019aa        0x2 
 .text._ZN3CANI5In_id6Out_idE8transmitEv
                0x00000000080019ac       0x98 ./Core/Src/main.o
                0x00000000080019ac                CAN<In_id, Out_id>::transmit()
 .text._ZN3CANI5In_id6Out_idE13stop_transmitEv
                0x0000000008001a44       0x20 ./Core/Src/main.o
                0x0000000008001a44                CAN<In_id, Out_id>::stop_transmit()
 .text._ZN3CANI5In_id6Out_idE7receiveEv
                0x0000000008001a64       0xbc ./Core/Src/main.o
                0x0000000008001a64                CAN<In_id, Out_id>::receive()
 .text._ZN3CANI5In_id6Out_idE14start_transmitEv
                0x0000000008001b20       0x3a ./Core/Src/main.o
                0x0000000008001b20                CAN<In_id, Out_id>::start_transmit()
 .text._GLOBAL__sub_I_systemtick
                0x0000000008001b5a       0x10 ./Core/Src/main.o
 *fill*         0x0000000008001b6a        0x2 
 .text.HAL_MspInit
                0x0000000008001b6c       0x64 ./Core/Src/stm32f1xx_hal_msp.o
                0x0000000008001b6c                HAL_MspInit
 .text.HAL_ADC_MspInit
                0x0000000008001bd0       0x88 ./Core/Src/stm32f1xx_hal_msp.o
                0x0000000008001bd0                HAL_ADC_MspInit
 .text.HAL_CAN_MspInit
                0x0000000008001c58       0xa8 ./Core/Src/stm32f1xx_hal_msp.o
                0x0000000008001c58                HAL_CAN_MspInit
 .text.NMI_Handler
                0x0000000008001d00        0x6 ./Core/Src/stm32f1xx_it.o
                0x0000000008001d00                NMI_Handler
 .text.HardFault_Handler
                0x0000000008001d06        0x6 ./Core/Src/stm32f1xx_it.o
                0x0000000008001d06                HardFault_Handler
 .text.MemManage_Handler
                0x0000000008001d0c        0x6 ./Core/Src/stm32f1xx_it.o
                0x0000000008001d0c                MemManage_Handler
 .text.BusFault_Handler
                0x0000000008001d12        0x6 ./Core/Src/stm32f1xx_it.o
                0x0000000008001d12                BusFault_Handler
 .text.UsageFault_Handler
                0x0000000008001d18        0x6 ./Core/Src/stm32f1xx_it.o
                0x0000000008001d18                UsageFault_Handler
 .text.SVC_Handler
                0x0000000008001d1e        0xc ./Core/Src/stm32f1xx_it.o
                0x0000000008001d1e                SVC_Handler
 .text.DebugMon_Handler
                0x0000000008001d2a        0xc ./Core/Src/stm32f1xx_it.o
                0x0000000008001d2a                DebugMon_Handler
 .text.PendSV_Handler
                0x0000000008001d36        0xc ./Core/Src/stm32f1xx_it.o
                0x0000000008001d36                PendSV_Handler
 .text.SysTick_Handler
                0x0000000008001d42        0xc ./Core/Src/stm32f1xx_it.o
                0x0000000008001d42                SysTick_Handler
 *fill*         0x0000000008001d4e        0x2 
 .text.ADC1_2_IRQHandler
                0x0000000008001d50       0x14 ./Core/Src/stm32f1xx_it.o
                0x0000000008001d50                ADC1_2_IRQHandler
 .text.USB_LP_CAN1_RX0_IRQHandler
                0x0000000008001d64       0x14 ./Core/Src/stm32f1xx_it.o
                0x0000000008001d64                USB_LP_CAN1_RX0_IRQHandler
 .text._getpid  0x0000000008001d78        0xe ./Core/Src/syscalls.o
                0x0000000008001d78                _getpid
 .text._kill    0x0000000008001d86       0x20 ./Core/Src/syscalls.o
                0x0000000008001d86                _kill
 .text._exit    0x0000000008001da6       0x14 ./Core/Src/syscalls.o
                0x0000000008001da6                _exit
 .text.SystemInit
                0x0000000008001dba        0xc ./Core/Src/system_stm32f1xx.o
                0x0000000008001dba                SystemInit
 *fill*         0x0000000008001dc6        0x2 
 .text.Reset_Handler
                0x0000000008001dc8       0x48 ./Core/Startup/startup_stm32f103retx.o
                0x0000000008001dc8                Reset_Handler
 .text.Default_Handler
                0x0000000008001e10        0x2 ./Core/Startup/startup_stm32f103retx.o
                0x0000000008001e10                RTC_Alarm_IRQHandler
                0x0000000008001e10                EXTI2_IRQHandler
                0x0000000008001e10                TIM8_TRG_COM_IRQHandler
                0x0000000008001e10                TIM8_CC_IRQHandler
                0x0000000008001e10                TIM1_CC_IRQHandler
                0x0000000008001e10                TIM6_IRQHandler
                0x0000000008001e10                PVD_IRQHandler
                0x0000000008001e10                SDIO_IRQHandler
                0x0000000008001e10                EXTI3_IRQHandler
                0x0000000008001e10                EXTI0_IRQHandler
                0x0000000008001e10                I2C2_EV_IRQHandler
                0x0000000008001e10                SPI1_IRQHandler
                0x0000000008001e10                TAMPER_IRQHandler
                0x0000000008001e10                TIM8_UP_IRQHandler
                0x0000000008001e10                DMA2_Channel2_IRQHandler
                0x0000000008001e10                DMA1_Channel4_IRQHandler
                0x0000000008001e10                USART3_IRQHandler
                0x0000000008001e10                RTC_IRQHandler
                0x0000000008001e10                DMA1_Channel7_IRQHandler
                0x0000000008001e10                CAN1_RX1_IRQHandler
                0x0000000008001e10                UART5_IRQHandler
                0x0000000008001e10                ADC3_IRQHandler
                0x0000000008001e10                TIM4_IRQHandler
                0x0000000008001e10                DMA2_Channel1_IRQHandler
                0x0000000008001e10                I2C1_EV_IRQHandler
                0x0000000008001e10                DMA1_Channel6_IRQHandler
                0x0000000008001e10                UART4_IRQHandler
                0x0000000008001e10                TIM3_IRQHandler
                0x0000000008001e10                RCC_IRQHandler
                0x0000000008001e10                TIM1_TRG_COM_IRQHandler
                0x0000000008001e10                DMA1_Channel1_IRQHandler
                0x0000000008001e10                Default_Handler
                0x0000000008001e10                EXTI15_10_IRQHandler
                0x0000000008001e10                TIM7_IRQHandler
                0x0000000008001e10                TIM5_IRQHandler
                0x0000000008001e10                EXTI9_5_IRQHandler
                0x0000000008001e10                SPI2_IRQHandler
                0x0000000008001e10                DMA1_Channel5_IRQHandler
                0x0000000008001e10                EXTI4_IRQHandler
                0x0000000008001e10                USB_HP_CAN1_TX_IRQHandler
                0x0000000008001e10                DMA1_Channel3_IRQHandler
                0x0000000008001e10                FSMC_IRQHandler
                0x0000000008001e10                TIM1_UP_IRQHandler
                0x0000000008001e10                WWDG_IRQHandler
                0x0000000008001e10                TIM2_IRQHandler
                0x0000000008001e10                TIM1_BRK_IRQHandler
                0x0000000008001e10                EXTI1_IRQHandler
                0x0000000008001e10                DMA2_Channel4_5_IRQHandler
                0x0000000008001e10                USART2_IRQHandler
                0x0000000008001e10                I2C2_ER_IRQHandler
                0x0000000008001e10                DMA1_Channel2_IRQHandler
                0x0000000008001e10                TIM8_BRK_IRQHandler
                0x0000000008001e10                CAN1_SCE_IRQHandler
                0x0000000008001e10                FLASH_IRQHandler
                0x0000000008001e10                USART1_IRQHandler
                0x0000000008001e10                SPI3_IRQHandler
                0x0000000008001e10                I2C1_ER_IRQHandler
                0x0000000008001e10                USBWakeUp_IRQHandler
                0x0000000008001e10                DMA2_Channel3_IRQHandler
 *fill*         0x0000000008001e12        0x2 
 .text.HAL_Init
                0x0000000008001e14       0x2c ./Drivers/STM32F1xx_HAL_Driver/Src/stm32f1xx_hal.o
                0x0000000008001e14                HAL_Init
 .text.HAL_InitTick
                0x0000000008001e40       0x60 ./Drivers/STM32F1xx_HAL_Driver/Src/stm32f1xx_hal.o
                0x0000000008001e40                HAL_InitTick
 .text.HAL_GetTick
                0x0000000008001ea0       0x14 ./Drivers/STM32F1xx_HAL_Driver/Src/stm32f1xx_hal.o
                0x0000000008001ea0                HAL_GetTick
 .text.HAL_ADC_Init
                0x0000000008001eb4      0x1d4 ./Drivers/STM32F1xx_HAL_Driver/Src/stm32f1xx_hal_adc.o
                0x0000000008001eb4                HAL_ADC_Init
 .text.HAL_ADC_IRQHandler
                0x0000000008002088      0x17e ./Drivers/STM32F1xx_HAL_Driver/Src/stm32f1xx_hal_adc.o
                0x0000000008002088                HAL_ADC_IRQHandler
 .text.HAL_ADC_ConvCpltCallback
                0x0000000008002206       0x12 ./Drivers/STM32F1xx_HAL_Driver/Src/stm32f1xx_hal_adc.o
                0x0000000008002206                HAL_ADC_ConvCpltCallback
 .text.HAL_ADC_LevelOutOfWindowCallback
                0x0000000008002218       0x12 ./Drivers/STM32F1xx_HAL_Driver/Src/stm32f1xx_hal_adc.o
                0x0000000008002218                HAL_ADC_LevelOutOfWindowCallback
 *fill*         0x000000000800222a        0x2 
 .text.ADC_Enable
                0x000000000800222c       0xb4 ./Drivers/STM32F1xx_HAL_Driver/Src/stm32f1xx_hal_adc.o
                0x000000000800222c                ADC_Enable
 .text.ADC_ConversionStop_Disable
                0x00000000080022e0       0x82 ./Drivers/STM32F1xx_HAL_Driver/Src/stm32f1xx_hal_adc.o
                0x00000000080022e0                ADC_ConversionStop_Disable
 *fill*         0x0000000008002362        0x2 
 .text.HAL_ADCEx_InjectedStart_IT
                0x0000000008002364      0x11c ./Drivers/STM32F1xx_HAL_Driver/Src/stm32f1xx_hal_adc_ex.o
                0x0000000008002364                HAL_ADCEx_InjectedStart_IT
 .text.HAL_ADCEx_InjectedStop_IT
                0x0000000008002480       0x94 ./Drivers/STM32F1xx_HAL_Driver/Src/stm32f1xx_hal_adc_ex.o
                0x0000000008002480                HAL_ADCEx_InjectedStop_IT
 .text.HAL_ADCEx_InjectedGetValue
                0x0000000008002514       0x5c ./Drivers/STM32F1xx_HAL_Driver/Src/stm32f1xx_hal_adc_ex.o
                0x0000000008002514                HAL_ADCEx_InjectedGetValue
 .text.HAL_ADCEx_InjectedConfigChannel
                0x0000000008002570      0x358 ./Drivers/STM32F1xx_HAL_Driver/Src/stm32f1xx_hal_adc_ex.o
                0x0000000008002570                HAL_ADCEx_InjectedConfigChannel
 .text.HAL_CAN_Init
                0x00000000080028c8      0x1f6 ./Drivers/STM32F1xx_HAL_Driver/Src/stm32f1xx_hal_can.o
                0x00000000080028c8                HAL_CAN_Init
 .text.HAL_CAN_ConfigFilter
                0x0000000008002abe      0x192 ./Drivers/STM32F1xx_HAL_Driver/Src/stm32f1xx_hal_can.o
                0x0000000008002abe                HAL_CAN_ConfigFilter
 .text.HAL_CAN_Start
                0x0000000008002c50       0x88 ./Drivers/STM32F1xx_HAL_Driver/Src/stm32f1xx_hal_can.o
                0x0000000008002c50                HAL_CAN_Start
 .text.HAL_CAN_AddTxMessage
                0x0000000008002cd8      0x19e ./Drivers/STM32F1xx_HAL_Driver/Src/stm32f1xx_hal_can.o
                0x0000000008002cd8                HAL_CAN_AddTxMessage
 .text.HAL_CAN_GetRxMessage
                0x0000000008002e76      0x242 ./Drivers/STM32F1xx_HAL_Driver/Src/stm32f1xx_hal_can.o
                0x0000000008002e76                HAL_CAN_GetRxMessage
 .text.HAL_CAN_ActivateNotification
                0x00000000080030b8       0x4a ./Drivers/STM32F1xx_HAL_Driver/Src/stm32f1xx_hal_can.o
                0x00000000080030b8                HAL_CAN_ActivateNotification
 .text.HAL_CAN_IRQHandler
                0x0000000008003102      0x36e ./Drivers/STM32F1xx_HAL_Driver/Src/stm32f1xx_hal_can.o
                0x0000000008003102                HAL_CAN_IRQHandler
 .text.HAL_CAN_TxMailbox0CompleteCallback
                0x0000000008003470       0x12 ./Drivers/STM32F1xx_HAL_Driver/Src/stm32f1xx_hal_can.o
                0x0000000008003470                HAL_CAN_TxMailbox0CompleteCallback
 .text.HAL_CAN_TxMailbox1CompleteCallback
                0x0000000008003482       0x12 ./Drivers/STM32F1xx_HAL_Driver/Src/stm32f1xx_hal_can.o
                0x0000000008003482                HAL_CAN_TxMailbox1CompleteCallback
 .text.HAL_CAN_TxMailbox2CompleteCallback
                0x0000000008003494       0x12 ./Drivers/STM32F1xx_HAL_Driver/Src/stm32f1xx_hal_can.o
                0x0000000008003494                HAL_CAN_TxMailbox2CompleteCallback
 .text.HAL_CAN_TxMailbox0AbortCallback
                0x00000000080034a6       0x12 ./Drivers/STM32F1xx_HAL_Driver/Src/stm32f1xx_hal_can.o
                0x00000000080034a6                HAL_CAN_TxMailbox0AbortCallback
 .text.HAL_CAN_TxMailbox1AbortCallback
                0x00000000080034b8       0x12 ./Drivers/STM32F1xx_HAL_Driver/Src/stm32f1xx_hal_can.o
                0x00000000080034b8                HAL_CAN_TxMailbox1AbortCallback
 .text.HAL_CAN_TxMailbox2AbortCallback
                0x00000000080034ca       0x12 ./Drivers/STM32F1xx_HAL_Driver/Src/stm32f1xx_hal_can.o
                0x00000000080034ca                HAL_CAN_TxMailbox2AbortCallback
 .text.HAL_CAN_RxFifo0FullCallback
                0x00000000080034dc       0x12 ./Drivers/STM32F1xx_HAL_Driver/Src/stm32f1xx_hal_can.o
                0x00000000080034dc                HAL_CAN_RxFifo0FullCallback
 .text.HAL_CAN_RxFifo1MsgPendingCallback
                0x00000000080034ee       0x12 ./Drivers/STM32F1xx_HAL_Driver/Src/stm32f1xx_hal_can.o
                0x00000000080034ee                HAL_CAN_RxFifo1MsgPendingCallback
 .text.HAL_CAN_RxFifo1FullCallback
                0x0000000008003500       0x12 ./Drivers/STM32F1xx_HAL_Driver/Src/stm32f1xx_hal_can.o
                0x0000000008003500                HAL_CAN_RxFifo1FullCallback
 .text.HAL_CAN_SleepCallback
                0x0000000008003512       0x12 ./Drivers/STM32F1xx_HAL_Driver/Src/stm32f1xx_hal_can.o
                0x0000000008003512                HAL_CAN_SleepCallback
 .text.HAL_CAN_WakeUpFromRxMsgCallback
                0x0000000008003524       0x12 ./Drivers/STM32F1xx_HAL_Driver/Src/stm32f1xx_hal_can.o
                0x0000000008003524                HAL_CAN_WakeUpFromRxMsgCallback
 .text.HAL_CAN_ErrorCallback
                0x0000000008003536       0x12 ./Drivers/STM32F1xx_HAL_Driver/Src/stm32f1xx_hal_can.o
                0x0000000008003536                HAL_CAN_ErrorCallback
 .text.__NVIC_SetPriorityGrouping
                0x0000000008003548       0x48 ./Drivers/STM32F1xx_HAL_Driver/Src/stm32f1xx_hal_cortex.o
 .text.__NVIC_GetPriorityGrouping
                0x0000000008003590       0x1c ./Drivers/STM32F1xx_HAL_Driver/Src/stm32f1xx_hal_cortex.o
 .text.__NVIC_EnableIRQ
                0x00000000080035ac       0x38 ./Drivers/STM32F1xx_HAL_Driver/Src/stm32f1xx_hal_cortex.o
 .text.__NVIC_SetPriority
                0x00000000080035e4       0x54 ./Drivers/STM32F1xx_HAL_Driver/Src/stm32f1xx_hal_cortex.o
 .text.NVIC_EncodePriority
                0x0000000008003638       0x64 ./Drivers/STM32F1xx_HAL_Driver/Src/stm32f1xx_hal_cortex.o
 .text.SysTick_Config
                0x000000000800369c       0x44 ./Drivers/STM32F1xx_HAL_Driver/Src/stm32f1xx_hal_cortex.o
 .text.HAL_NVIC_SetPriorityGrouping
                0x00000000080036e0       0x16 ./Drivers/STM32F1xx_HAL_Driver/Src/stm32f1xx_hal_cortex.o
                0x00000000080036e0                HAL_NVIC_SetPriorityGrouping
 .text.HAL_NVIC_SetPriority
                0x00000000080036f6       0x38 ./Drivers/STM32F1xx_HAL_Driver/Src/stm32f1xx_hal_cortex.o
                0x00000000080036f6                HAL_NVIC_SetPriority
 .text.HAL_NVIC_EnableIRQ
                0x000000000800372e       0x1c ./Drivers/STM32F1xx_HAL_Driver/Src/stm32f1xx_hal_cortex.o
                0x000000000800372e                HAL_NVIC_EnableIRQ
 .text.HAL_SYSTICK_Config
                0x000000000800374a       0x18 ./Drivers/STM32F1xx_HAL_Driver/Src/stm32f1xx_hal_cortex.o
                0x000000000800374a                HAL_SYSTICK_Config
 *fill*         0x0000000008003762        0x2 
 .text.HAL_GPIO_Init
                0x0000000008003764      0x328 ./Drivers/STM32F1xx_HAL_Driver/Src/stm32f1xx_hal_gpio.o
                0x0000000008003764                HAL_GPIO_Init
 .text.HAL_GPIO_ReadPin
                0x0000000008003a8c       0x2e ./Drivers/STM32F1xx_HAL_Driver/Src/stm32f1xx_hal_gpio.o
                0x0000000008003a8c                HAL_GPIO_ReadPin
 .text.HAL_GPIO_WritePin
                0x0000000008003aba       0x30 ./Drivers/STM32F1xx_HAL_Driver/Src/stm32f1xx_hal_gpio.o
                0x0000000008003aba                HAL_GPIO_WritePin
 .text.HAL_GPIO_TogglePin
                0x0000000008003aea       0x32 ./Drivers/STM32F1xx_HAL_Driver/Src/stm32f1xx_hal_gpio.o
                0x0000000008003aea                HAL_GPIO_TogglePin
 .text.HAL_RCC_OscConfig
                0x0000000008003b1c      0x500 ./Drivers/STM32F1xx_HAL_Driver/Src/stm32f1xx_hal_rcc.o
                0x0000000008003b1c                HAL_RCC_OscConfig
 .text.HAL_RCC_ClockConfig
                0x000000000800401c      0x1d4 ./Drivers/STM32F1xx_HAL_Driver/Src/stm32f1xx_hal_rcc.o
                0x000000000800401c                HAL_RCC_ClockConfig
 .text.HAL_RCC_GetSysClockFreq
                0x00000000080041f0       0xac ./Drivers/STM32F1xx_HAL_Driver/Src/stm32f1xx_hal_rcc.o
                0x00000000080041f0                HAL_RCC_GetSysClockFreq
 .text.HAL_RCC_GetHCLKFreq
                0x000000000800429c       0x14 ./Drivers/STM32F1xx_HAL_Driver/Src/stm32f1xx_hal_rcc.o
                0x000000000800429c                HAL_RCC_GetHCLKFreq
 .text.RCC_Delay
                0x00000000080042b0       0x3c ./Drivers/STM32F1xx_HAL_Driver/Src/stm32f1xx_hal_rcc.o
 .text.HAL_RCCEx_PeriphCLKConfig
                0x00000000080042ec      0x16c ./Drivers/STM32F1xx_HAL_Driver/Src/stm32f1xx_hal_rcc_ex.o
                0x00000000080042ec                HAL_RCCEx_PeriphCLKConfig
 .text.__cxa_pure_virtual
                0x0000000008004458        0x6 c:/st/stm32cubeide_1.7.0/stm32cubeide/plugins/com.st.stm32cube.ide.mcu.externaltools.gnu-tools-for-stm32.9-2020-q2-update.win32_2.0.0.202105311346/tools/bin/../lib/gcc/arm-none-eabi/9.3.1/../../../../arm-none-eabi/lib/thumb/v7-m/nofp\libstdc++_nano.a(pure.o)
                0x0000000008004458                __cxa_pure_virtual
 .text._ZN10__cxxabiv111__terminateEPFvvE
                0x000000000800445e        0x8 c:/st/stm32cubeide_1.7.0/stm32cubeide/plugins/com.st.stm32cube.ide.mcu.externaltools.gnu-tools-for-stm32.9-2020-q2-update.win32_2.0.0.202105311346/tools/bin/../lib/gcc/arm-none-eabi/9.3.1/../../../../arm-none-eabi/lib/thumb/v7-m/nofp\libstdc++_nano.a(eh_terminate.o)
                0x000000000800445e                __cxxabiv1::__terminate(void (*)())
 *fill*         0x0000000008004466        0x2 
 .text._ZSt13get_terminatev
                0x0000000008004468       0x10 c:/st/stm32cubeide_1.7.0/stm32cubeide/plugins/com.st.stm32cube.ide.mcu.externaltools.gnu-tools-for-stm32.9-2020-q2-update.win32_2.0.0.202105311346/tools/bin/../lib/gcc/arm-none-eabi/9.3.1/../../../../arm-none-eabi/lib/thumb/v7-m/nofp\libstdc++_nano.a(eh_terminate.o)
                0x0000000008004468                std::get_terminate()
 .text._ZSt9terminatev
                0x0000000008004478        0xa c:/st/stm32cubeide_1.7.0/stm32cubeide/plugins/com.st.stm32cube.ide.mcu.externaltools.gnu-tools-for-stm32.9-2020-q2-update.win32_2.0.0.202105311346/tools/bin/../lib/gcc/arm-none-eabi/9.3.1/../../../../arm-none-eabi/lib/thumb/v7-m/nofp\libstdc++_nano.a(eh_terminate.o)
                0x0000000008004478                std::terminate()
 .text.abort    0x0000000008004482        0xe c:/st/stm32cubeide_1.7.0/stm32cubeide/plugins/com.st.stm32cube.ide.mcu.externaltools.gnu-tools-for-stm32.9-2020-q2-update.win32_2.0.0.202105311346/tools/bin/../lib/gcc/arm-none-eabi/9.3.1/../../../../arm-none-eabi/lib/thumb/v7-m/nofp\libc_nano.a(lib_a-abort.o)
                0x0000000008004482                abort
 .text.__errno  0x0000000008004490        0xc c:/st/stm32cubeide_1.7.0/stm32cubeide/plugins/com.st.stm32cube.ide.mcu.externaltools.gnu-tools-for-stm32.9-2020-q2-update.win32_2.0.0.202105311346/tools/bin/../lib/gcc/arm-none-eabi/9.3.1/../../../../arm-none-eabi/lib/thumb/v7-m/nofp\libc_nano.a(lib_a-errno.o)
                0x0000000008004490                __errno
 .text.__libc_init_array
                0x000000000800449c       0x48 c:/st/stm32cubeide_1.7.0/stm32cubeide/plugins/com.st.stm32cube.ide.mcu.externaltools.gnu-tools-for-stm32.9-2020-q2-update.win32_2.0.0.202105311346/tools/bin/../lib/gcc/arm-none-eabi/9.3.1/../../../../arm-none-eabi/lib/thumb/v7-m/nofp\libc_nano.a(lib_a-init.o)
                0x000000000800449c                __libc_init_array
 .text.memset   0x00000000080044e4       0x10 c:/st/stm32cubeide_1.7.0/stm32cubeide/plugins/com.st.stm32cube.ide.mcu.externaltools.gnu-tools-for-stm32.9-2020-q2-update.win32_2.0.0.202105311346/tools/bin/../lib/gcc/arm-none-eabi/9.3.1/../../../../arm-none-eabi/lib/thumb/v7-m/nofp\libc_nano.a(lib_a-memset.o)
                0x00000000080044e4                memset
 .text._raise_r
                0x00000000080044f4       0x50 c:/st/stm32cubeide_1.7.0/stm32cubeide/plugins/com.st.stm32cube.ide.mcu.externaltools.gnu-tools-for-stm32.9-2020-q2-update.win32_2.0.0.202105311346/tools/bin/../lib/gcc/arm-none-eabi/9.3.1/../../../../arm-none-eabi/lib/thumb/v7-m/nofp\libc_nano.a(lib_a-signal.o)
                0x00000000080044f4                _raise_r
 .text.raise    0x0000000008004544       0x10 c:/st/stm32cubeide_1.7.0/stm32cubeide/plugins/com.st.stm32cube.ide.mcu.externaltools.gnu-tools-for-stm32.9-2020-q2-update.win32_2.0.0.202105311346/tools/bin/../lib/gcc/arm-none-eabi/9.3.1/../../../../arm-none-eabi/lib/thumb/v7-m/nofp\libc_nano.a(lib_a-signal.o)
                0x0000000008004544                raise
 .text._kill_r  0x0000000008004554       0x24 c:/st/stm32cubeide_1.7.0/stm32cubeide/plugins/com.st.stm32cube.ide.mcu.externaltools.gnu-tools-for-stm32.9-2020-q2-update.win32_2.0.0.202105311346/tools/bin/../lib/gcc/arm-none-eabi/9.3.1/../../../../arm-none-eabi/lib/thumb/v7-m/nofp\libc_nano.a(lib_a-signalr.o)
                0x0000000008004554                _kill_r
 .text._getpid_r
                0x0000000008004578        0x4 c:/st/stm32cubeide_1.7.0/stm32cubeide/plugins/com.st.stm32cube.ide.mcu.externaltools.gnu-tools-for-stm32.9-2020-q2-update.win32_2.0.0.202105311346/tools/bin/../lib/gcc/arm-none-eabi/9.3.1/../../../../arm-none-eabi/lib/thumb/v7-m/nofp\libc_nano.a(lib_a-signalr.o)
                0x0000000008004578                _getpid_r
 *(.glue_7)
 .glue_7        0x000000000800457c        0x0 linker stubs
 *(.glue_7t)
 .glue_7t       0x000000000800457c        0x0 linker stubs
 *(.eh_frame)
 .eh_frame      0x000000000800457c        0x0 c:/st/stm32cubeide_1.7.0/stm32cubeide/plugins/com.st.stm32cube.ide.mcu.externaltools.gnu-tools-for-stm32.9-2020-q2-update.win32_2.0.0.202105311346/tools/bin/../lib/gcc/arm-none-eabi/9.3.1/thumb/v7-m/nofp/crtbegin.o
 *(.init)
 .init          0x000000000800457c        0x4 c:/st/stm32cubeide_1.7.0/stm32cubeide/plugins/com.st.stm32cube.ide.mcu.externaltools.gnu-tools-for-stm32.9-2020-q2-update.win32_2.0.0.202105311346/tools/bin/../lib/gcc/arm-none-eabi/9.3.1/thumb/v7-m/nofp/crti.o
                0x000000000800457c                _init
 .init          0x0000000008004580        0x8 c:/st/stm32cubeide_1.7.0/stm32cubeide/plugins/com.st.stm32cube.ide.mcu.externaltools.gnu-tools-for-stm32.9-2020-q2-update.win32_2.0.0.202105311346/tools/bin/../lib/gcc/arm-none-eabi/9.3.1/thumb/v7-m/nofp/crtn.o
 *(.fini)
 .fini          0x0000000008004588        0x4 c:/st/stm32cubeide_1.7.0/stm32cubeide/plugins/com.st.stm32cube.ide.mcu.externaltools.gnu-tools-for-stm32.9-2020-q2-update.win32_2.0.0.202105311346/tools/bin/../lib/gcc/arm-none-eabi/9.3.1/thumb/v7-m/nofp/crti.o
                0x0000000008004588                _fini
 .fini          0x000000000800458c        0x8 c:/st/stm32cubeide_1.7.0/stm32cubeide/plugins/com.st.stm32cube.ide.mcu.externaltools.gnu-tools-for-stm32.9-2020-q2-update.win32_2.0.0.202105311346/tools/bin/../lib/gcc/arm-none-eabi/9.3.1/thumb/v7-m/nofp/crtn.o
                0x0000000008004594                . = ALIGN (0x4)
                0x0000000008004594                _etext = .

.vfp11_veneer   0x0000000008004594        0x0
 .vfp11_veneer  0x0000000008004594        0x0 linker stubs

.v4_bx          0x0000000008004594        0x0
 .v4_bx         0x0000000008004594        0x0 linker stubs

.iplt           0x0000000008004594        0x0
 .iplt          0x0000000008004594        0x0 c:/st/stm32cubeide_1.7.0/stm32cubeide/plugins/com.st.stm32cube.ide.mcu.externaltools.gnu-tools-for-stm32.9-2020-q2-update.win32_2.0.0.202105311346/tools/bin/../lib/gcc/arm-none-eabi/9.3.1/thumb/v7-m/nofp/crtbegin.o

.rodata         0x0000000008004594       0x84
                0x0000000008004594                . = ALIGN (0x4)
 *(.rodata)
 *(.rodata*)
 .rodata._ZTV3CANI5In_id6Out_idE
                0x0000000008004594        0xc ./Core/Src/main.o
                0x0000000008004594                vtable for CAN<In_id, Out_id>
 .rodata._ZTVN3CANI5In_id6Out_idE16can_rx_interruptE
                0x00000000080045a0        0xc ./Core/Src/main.o
                0x00000000080045a0                vtable for CAN<In_id, Out_id>::can_rx_interrupt
 .rodata._ZTV4ADC_
                0x00000000080045ac        0xc ./Core/Src/main.o
                0x00000000080045ac                vtable for ADC_
 .rodata._ZTVN4ADC_17ADC_INJ_interruptE
                0x00000000080045b8        0xc ./Core/Src/main.o
                0x00000000080045b8                vtable for ADC_::ADC_INJ_interrupt
 .rodata._ZTV12Interrupting
                0x00000000080045c4        0xc ./Core/Src/main.o
                0x00000000080045c4                vtable for Interrupting
 .rodata._ZTV5Timer
                0x00000000080045d0        0xc ./Core/Src/main.o
                0x00000000080045d0                vtable for Timer
 .rodata._ZTV14TickSubscriber
                0x00000000080045dc        0xc ./Core/Src/main.o
                0x00000000080045dc                vtable for TickSubscriber
 .rodata._ZTV10Subscriber
                0x00000000080045e8        0xc ./Core/Src/main.o
                0x00000000080045e8                vtable for Subscriber
 .rodata.AHBPrescTable
                0x00000000080045f4       0x10 ./Core/Src/system_stm32f1xx.o
                0x00000000080045f4                AHBPrescTable
 .rodata.aPLLMULFactorTable.5907
                0x0000000008004604       0x10 ./Drivers/STM32F1xx_HAL_Driver/Src/stm32f1xx_hal_rcc.o
 .rodata.aPredivFactorTable.5908
                0x0000000008004614        0x2 ./Drivers/STM32F1xx_HAL_Driver/Src/stm32f1xx_hal_rcc.o
                0x0000000008004618                . = ALIGN (0x4)
 *fill*         0x0000000008004616        0x2 

.rel.dyn        0x0000000008004618        0x0
 .rel.iplt      0x0000000008004618        0x0 c:/st/stm32cubeide_1.7.0/stm32cubeide/plugins/com.st.stm32cube.ide.mcu.externaltools.gnu-tools-for-stm32.9-2020-q2-update.win32_2.0.0.202105311346/tools/bin/../lib/gcc/arm-none-eabi/9.3.1/thumb/v7-m/nofp/crtbegin.o

.ARM.extab      0x0000000008004618        0x0
                0x0000000008004618                . = ALIGN (0x4)
 *(.ARM.extab* .gnu.linkonce.armextab.*)
                0x0000000008004618                . = ALIGN (0x4)

.ARM            0x0000000008004618        0x0
                0x0000000008004618                . = ALIGN (0x4)
                0x0000000008004618                __exidx_start = .
 *(.ARM.exidx*)
                0x0000000008004618                __exidx_end = .
                0x0000000008004618                . = ALIGN (0x4)

.preinit_array  0x0000000008004618        0x0
                0x0000000008004618                . = ALIGN (0x4)
                0x0000000008004618                PROVIDE (__preinit_array_start = .)
 *(.preinit_array*)
                0x0000000008004618                PROVIDE (__preinit_array_end = .)
                0x0000000008004618                . = ALIGN (0x4)

.init_array     0x0000000008004618        0x8
                0x0000000008004618                . = ALIGN (0x4)
                0x0000000008004618                PROVIDE (__init_array_start = .)
 *(SORT_BY_NAME(.init_array.*))
 *(.init_array*)
 .init_array    0x0000000008004618        0x4 c:/st/stm32cubeide_1.7.0/stm32cubeide/plugins/com.st.stm32cube.ide.mcu.externaltools.gnu-tools-for-stm32.9-2020-q2-update.win32_2.0.0.202105311346/tools/bin/../lib/gcc/arm-none-eabi/9.3.1/thumb/v7-m/nofp/crtbegin.o
 .init_array    0x000000000800461c        0x4 ./Core/Src/main.o
                0x0000000008004620                PROVIDE (__init_array_end = .)
                0x0000000008004620                . = ALIGN (0x4)

.fini_array     0x0000000008004620        0x4
                0x0000000008004620                . = ALIGN (0x4)
                [!provide]                        PROVIDE (__fini_array_start = .)
 *(SORT_BY_NAME(.fini_array.*))
 *(.fini_array*)
 .fini_array    0x0000000008004620        0x4 c:/st/stm32cubeide_1.7.0/stm32cubeide/plugins/com.st.stm32cube.ide.mcu.externaltools.gnu-tools-for-stm32.9-2020-q2-update.win32_2.0.0.202105311346/tools/bin/../lib/gcc/arm-none-eabi/9.3.1/thumb/v7-m/nofp/crtbegin.o
                [!provide]                        PROVIDE (__fini_array_end = .)
                0x0000000008004624                . = ALIGN (0x4)
                0x0000000008004624                _sidata = LOADADDR (.data)

.data           0x0000000020000000       0x74 load address 0x0000000008004624
                0x0000000020000000                . = ALIGN (0x4)
                0x0000000020000000                _sdata = .
 *(.data)
 *(.data*)
 .data.SystemCoreClock
                0x0000000020000000        0x4 ./Core/Src/system_stm32f1xx.o
                0x0000000020000000                SystemCoreClock
 .data.uwTickPrio
                0x0000000020000004        0x4 ./Drivers/STM32F1xx_HAL_Driver/Src/stm32f1xx_hal.o
                0x0000000020000004                uwTickPrio
 .data.uwTickFreq
                0x0000000020000008        0x1 ./Drivers/STM32F1xx_HAL_Driver/Src/stm32f1xx_hal.o
                0x0000000020000008                uwTickFreq
 *fill*         0x0000000020000009        0x3 
 .data._ZN10__cxxabiv119__terminate_handlerE
                0x000000002000000c        0x4 c:/st/stm32cubeide_1.7.0/stm32cubeide/plugins/com.st.stm32cube.ide.mcu.externaltools.gnu-tools-for-stm32.9-2020-q2-update.win32_2.0.0.202105311346/tools/bin/../lib/gcc/arm-none-eabi/9.3.1/../../../../arm-none-eabi/lib/thumb/v7-m/nofp\libstdc++_nano.a(eh_term_handler.o)
                0x000000002000000c                __cxxabiv1::__terminate_handler
 .data._impure_ptr
                0x0000000020000010        0x4 c:/st/stm32cubeide_1.7.0/stm32cubeide/plugins/com.st.stm32cube.ide.mcu.externaltools.gnu-tools-for-stm32.9-2020-q2-update.win32_2.0.0.202105311346/tools/bin/../lib/gcc/arm-none-eabi/9.3.1/../../../../arm-none-eabi/lib/thumb/v7-m/nofp\libc_nano.a(lib_a-impure.o)
                0x0000000020000010                _impure_ptr
 .data.impure_data
                0x0000000020000014       0x60 c:/st/stm32cubeide_1.7.0/stm32cubeide/plugins/com.st.stm32cube.ide.mcu.externaltools.gnu-tools-for-stm32.9-2020-q2-update.win32_2.0.0.202105311346/tools/bin/../lib/gcc/arm-none-eabi/9.3.1/../../../../arm-none-eabi/lib/thumb/v7-m/nofp\libc_nano.a(lib_a-impure.o)
 *(.RamFunc)
 *(.RamFunc*)
                0x0000000020000074                . = ALIGN (0x4)
                0x0000000020000074                _edata = .

.igot.plt       0x0000000020000074        0x0 load address 0x0000000008004698
 .igot.plt      0x0000000020000074        0x0 c:/st/stm32cubeide_1.7.0/stm32cubeide/plugins/com.st.stm32cube.ide.mcu.externaltools.gnu-tools-for-stm32.9-2020-q2-update.win32_2.0.0.202105311346/tools/bin/../lib/gcc/arm-none-eabi/9.3.1/thumb/v7-m/nofp/crtbegin.o
                0x0000000020000074                . = ALIGN (0x4)

.bss            0x0000000020000074       0xf8 load address 0x0000000008004698
                0x0000000020000074                _sbss = .
                0x0000000020000074                __bss_start__ = _sbss
 *(.bss)
 .bss           0x0000000020000074       0x1c c:/st/stm32cubeide_1.7.0/stm32cubeide/plugins/com.st.stm32cube.ide.mcu.externaltools.gnu-tools-for-stm32.9-2020-q2-update.win32_2.0.0.202105311346/tools/bin/../lib/gcc/arm-none-eabi/9.3.1/thumb/v7-m/nofp/crtbegin.o
 *(.bss*)
 .bss.systemtick
                0x0000000020000090        0x1 ./Core/Src/main.o
                0x0000000020000090                systemtick
 *fill*         0x0000000020000091        0x3 
 .bss.tickUpdater
                0x0000000020000094       0x70 ./Core/Src/main.o
                0x0000000020000094                tickUpdater
 .bss.hadc2     0x0000000020000104       0x30 ./Core/Src/main.o
                0x0000000020000104                hadc2
 .bss.hcan      0x0000000020000134       0x28 ./Core/Src/main.o
                0x0000000020000134                hcan
 .bss.adc_injected_callback
                0x000000002000015c        0x4 ./Core/Src/main.o
                0x000000002000015c                adc_injected_callback
 .bss.interrupt_can_rx
                0x0000000020000160        0x4 ./Core/Src/main.o
                0x0000000020000160                interrupt_can_rx
 *(COMMON)
 COMMON         0x0000000020000164        0x4 ./Drivers/STM32F1xx_HAL_Driver/Src/stm32f1xx_hal.o
                0x0000000020000164                uwTick
 COMMON         0x0000000020000168        0x4 c:/st/stm32cubeide_1.7.0/stm32cubeide/plugins/com.st.stm32cube.ide.mcu.externaltools.gnu-tools-for-stm32.9-2020-q2-update.win32_2.0.0.202105311346/tools/bin/../lib/gcc/arm-none-eabi/9.3.1/../../../../arm-none-eabi/lib/thumb/v7-m/nofp\libc_nano.a(lib_a-reent.o)
                0x0000000020000168                errno
                0x000000002000016c                . = ALIGN (0x4)
                0x000000002000016c                _ebss = .
                0x000000002000016c                __bss_end__ = _ebss

._user_heap_stack
                0x000000002000016c      0x604 load address 0x0000000008004698
                0x0000000020000170                . = ALIGN (0x8)
 *fill*         0x000000002000016c        0x4 
                [!provide]                        PROVIDE (end = .)
                0x0000000020000170                PROVIDE (_end = .)
                0x0000000020000370                . = (. + _Min_Heap_Size)
 *fill*         0x0000000020000170      0x200 
                0x0000000020000770                . = (. + _Min_Stack_Size)
 *fill*         0x0000000020000370      0x400 
                0x0000000020000770                . = ALIGN (0x8)

/DISCARD/
 libc.a(*)
 libm.a(*)
 libgcc.a(*)

.ARM.attributes
                0x0000000000000000       0x29
 *(.ARM.attributes)
 .ARM.attributes
                0x0000000000000000       0x1d c:/st/stm32cubeide_1.7.0/stm32cubeide/plugins/com.st.stm32cube.ide.mcu.externaltools.gnu-tools-for-stm32.9-2020-q2-update.win32_2.0.0.202105311346/tools/bin/../lib/gcc/arm-none-eabi/9.3.1/thumb/v7-m/nofp/crti.o
 .ARM.attributes
                0x000000000000001d       0x2d c:/st/stm32cubeide_1.7.0/stm32cubeide/plugins/com.st.stm32cube.ide.mcu.externaltools.gnu-tools-for-stm32.9-2020-q2-update.win32_2.0.0.202105311346/tools/bin/../lib/gcc/arm-none-eabi/9.3.1/thumb/v7-m/nofp/crtbegin.o
 .ARM.attributes
                0x000000000000004a       0x2d ./Core/Src/main.o
 .ARM.attributes
                0x0000000000000077       0x2d ./Core/Src/stm32f1xx_hal_msp.o
 .ARM.attributes
                0x00000000000000a4       0x2d ./Core/Src/stm32f1xx_it.o
 .ARM.attributes
                0x00000000000000d1       0x2d ./Core/Src/syscalls.o
 .ARM.attributes
                0x00000000000000fe       0x2d ./Core/Src/system_stm32f1xx.o
 .ARM.attributes
                0x000000000000012b       0x21 ./Core/Startup/startup_stm32f103retx.o
 .ARM.attributes
                0x000000000000014c       0x2d ./Drivers/STM32F1xx_HAL_Driver/Src/stm32f1xx_hal.o
 .ARM.attributes
                0x0000000000000179       0x2d ./Drivers/STM32F1xx_HAL_Driver/Src/stm32f1xx_hal_adc.o
 .ARM.attributes
                0x00000000000001a6       0x2d ./Drivers/STM32F1xx_HAL_Driver/Src/stm32f1xx_hal_adc_ex.o
 .ARM.attributes
                0x00000000000001d3       0x2d ./Drivers/STM32F1xx_HAL_Driver/Src/stm32f1xx_hal_can.o
 .ARM.attributes
                0x0000000000000200       0x2d ./Drivers/STM32F1xx_HAL_Driver/Src/stm32f1xx_hal_cortex.o
 .ARM.attributes
                0x000000000000022d       0x2d ./Drivers/STM32F1xx_HAL_Driver/Src/stm32f1xx_hal_gpio.o
 .ARM.attributes
                0x000000000000025a       0x2d ./Drivers/STM32F1xx_HAL_Driver/Src/stm32f1xx_hal_rcc.o
 .ARM.attributes
                0x0000000000000287       0x2d ./Drivers/STM32F1xx_HAL_Driver/Src/stm32f1xx_hal_rcc_ex.o
 .ARM.attributes
                0x00000000000002b4       0x2d c:/st/stm32cubeide_1.7.0/stm32cubeide/plugins/com.st.stm32cube.ide.mcu.externaltools.gnu-tools-for-stm32.9-2020-q2-update.win32_2.0.0.202105311346/tools/bin/../lib/gcc/arm-none-eabi/9.3.1/../../../../arm-none-eabi/lib/thumb/v7-m/nofp\libstdc++_nano.a(pure.o)
 .ARM.attributes
                0x00000000000002e1       0x2d c:/st/stm32cubeide_1.7.0/stm32cubeide/plugins/com.st.stm32cube.ide.mcu.externaltools.gnu-tools-for-stm32.9-2020-q2-update.win32_2.0.0.202105311346/tools/bin/../lib/gcc/arm-none-eabi/9.3.1/../../../../arm-none-eabi/lib/thumb/v7-m/nofp\libstdc++_nano.a(eh_terminate.o)
 .ARM.attributes
                0x000000000000030e       0x2d c:/st/stm32cubeide_1.7.0/stm32cubeide/plugins/com.st.stm32cube.ide.mcu.externaltools.gnu-tools-for-stm32.9-2020-q2-update.win32_2.0.0.202105311346/tools/bin/../lib/gcc/arm-none-eabi/9.3.1/../../../../arm-none-eabi/lib/thumb/v7-m/nofp\libstdc++_nano.a(eh_term_handler.o)
 .ARM.attributes
                0x000000000000033b       0x2d c:/st/stm32cubeide_1.7.0/stm32cubeide/plugins/com.st.stm32cube.ide.mcu.externaltools.gnu-tools-for-stm32.9-2020-q2-update.win32_2.0.0.202105311346/tools/bin/../lib/gcc/arm-none-eabi/9.3.1/../../../../arm-none-eabi/lib/thumb/v7-m/nofp\libc_nano.a(lib_a-abort.o)
 .ARM.attributes
                0x0000000000000368       0x2d c:/st/stm32cubeide_1.7.0/stm32cubeide/plugins/com.st.stm32cube.ide.mcu.externaltools.gnu-tools-for-stm32.9-2020-q2-update.win32_2.0.0.202105311346/tools/bin/../lib/gcc/arm-none-eabi/9.3.1/../../../../arm-none-eabi/lib/thumb/v7-m/nofp\libc_nano.a(lib_a-errno.o)
 .ARM.attributes
                0x0000000000000395       0x2d c:/st/stm32cubeide_1.7.0/stm32cubeide/plugins/com.st.stm32cube.ide.mcu.externaltools.gnu-tools-for-stm32.9-2020-q2-update.win32_2.0.0.202105311346/tools/bin/../lib/gcc/arm-none-eabi/9.3.1/../../../../arm-none-eabi/lib/thumb/v7-m/nofp\libc_nano.a(lib_a-impure.o)
 .ARM.attributes
                0x00000000000003c2       0x2d c:/st/stm32cubeide_1.7.0/stm32cubeide/plugins/com.st.stm32cube.ide.mcu.externaltools.gnu-tools-for-stm32.9-2020-q2-update.win32_2.0.0.202105311346/tools/bin/../lib/gcc/arm-none-eabi/9.3.1/../../../../arm-none-eabi/lib/thumb/v7-m/nofp\libc_nano.a(lib_a-init.o)
 .ARM.attributes
                0x00000000000003ef       0x2d c:/st/stm32cubeide_1.7.0/stm32cubeide/plugins/com.st.stm32cube.ide.mcu.externaltools.gnu-tools-for-stm32.9-2020-q2-update.win32_2.0.0.202105311346/tools/bin/../lib/gcc/arm-none-eabi/9.3.1/../../../../arm-none-eabi/lib/thumb/v7-m/nofp\libc_nano.a(lib_a-memset.o)
 .ARM.attributes
                0x000000000000041c       0x2d c:/st/stm32cubeide_1.7.0/stm32cubeide/plugins/com.st.stm32cube.ide.mcu.externaltools.gnu-tools-for-stm32.9-2020-q2-update.win32_2.0.0.202105311346/tools/bin/../lib/gcc/arm-none-eabi/9.3.1/../../../../arm-none-eabi/lib/thumb/v7-m/nofp\libc_nano.a(lib_a-signal.o)
 .ARM.attributes
                0x0000000000000449       0x2d c:/st/stm32cubeide_1.7.0/stm32cubeide/plugins/com.st.stm32cube.ide.mcu.externaltools.gnu-tools-for-stm32.9-2020-q2-update.win32_2.0.0.202105311346/tools/bin/../lib/gcc/arm-none-eabi/9.3.1/../../../../arm-none-eabi/lib/thumb/v7-m/nofp\libc_nano.a(lib_a-signalr.o)
 .ARM.attributes
                0x0000000000000476       0x2d c:/st/stm32cubeide_1.7.0/stm32cubeide/plugins/com.st.stm32cube.ide.mcu.externaltools.gnu-tools-for-stm32.9-2020-q2-update.win32_2.0.0.202105311346/tools/bin/../lib/gcc/arm-none-eabi/9.3.1/../../../../arm-none-eabi/lib/thumb/v7-m/nofp\libc_nano.a(lib_a-reent.o)
 .ARM.attributes
                0x00000000000004a3       0x1d c:/st/stm32cubeide_1.7.0/stm32cubeide/plugins/com.st.stm32cube.ide.mcu.externaltools.gnu-tools-for-stm32.9-2020-q2-update.win32_2.0.0.202105311346/tools/bin/../lib/gcc/arm-none-eabi/9.3.1/thumb/v7-m/nofp/crtn.o
OUTPUT(IMD.elf elf32-littlearm)
LOAD linker stubs
LOAD c:/st/stm32cubeide_1.7.0/stm32cubeide/plugins/com.st.stm32cube.ide.mcu.externaltools.gnu-tools-for-stm32.9-2020-q2-update.win32_2.0.0.202105311346/tools/bin/../lib/gcc/arm-none-eabi/9.3.1/../../../../arm-none-eabi/lib/thumb/v7-m/nofp\libc.a
LOAD c:/st/stm32cubeide_1.7.0/stm32cubeide/plugins/com.st.stm32cube.ide.mcu.externaltools.gnu-tools-for-stm32.9-2020-q2-update.win32_2.0.0.202105311346/tools/bin/../lib/gcc/arm-none-eabi/9.3.1/../../../../arm-none-eabi/lib/thumb/v7-m/nofp\libm.a
LOAD c:/st/stm32cubeide_1.7.0/stm32cubeide/plugins/com.st.stm32cube.ide.mcu.externaltools.gnu-tools-for-stm32.9-2020-q2-update.win32_2.0.0.202105311346/tools/bin/../lib/gcc/arm-none-eabi/9.3.1/thumb/v7-m/nofp\libgcc.a

.debug_info     0x0000000000000000    0x105f8
 .debug_info    0x0000000000000000     0x892a ./Core/Src/main.o
 .debug_info    0x000000000000892a      0xece ./Core/Src/stm32f1xx_hal_msp.o
 .debug_info    0x00000000000097f8      0xa79 ./Core/Src/stm32f1xx_it.o
 .debug_info    0x000000000000a271      0xfa8 ./Core/Src/syscalls.o
 .debug_info    0x000000000000b219      0x2be ./Core/Src/system_stm32f1xx.o
 .debug_info    0x000000000000b4d7       0x22 ./Core/Startup/startup_stm32f103retx.o
 .debug_info    0x000000000000b4f9      0x7d0 ./Drivers/STM32F1xx_HAL_Driver/Src/stm32f1xx_hal.o
 .debug_info    0x000000000000bcc9      0xd52 ./Drivers/STM32F1xx_HAL_Driver/Src/stm32f1xx_hal_adc.o
 .debug_info    0x000000000000ca1b      0xaac ./Drivers/STM32F1xx_HAL_Driver/Src/stm32f1xx_hal_adc_ex.o
 .debug_info    0x000000000000d4c7     0x10b9 ./Drivers/STM32F1xx_HAL_Driver/Src/stm32f1xx_hal_can.o
 .debug_info    0x000000000000e580      0xc42 ./Drivers/STM32F1xx_HAL_Driver/Src/stm32f1xx_hal_cortex.o
 .debug_info    0x000000000000f1c2      0x701 ./Drivers/STM32F1xx_HAL_Driver/Src/stm32f1xx_hal_gpio.o
 .debug_info    0x000000000000f8c3      0x893 ./Drivers/STM32F1xx_HAL_Driver/Src/stm32f1xx_hal_rcc.o
 .debug_info    0x0000000000010156      0x4a2 ./Drivers/STM32F1xx_HAL_Driver/Src/stm32f1xx_hal_rcc_ex.o

.debug_abbrev   0x0000000000000000     0x24dd
 .debug_abbrev  0x0000000000000000      0xc0f ./Core/Src/main.o
 .debug_abbrev  0x0000000000000c0f      0x1e6 ./Core/Src/stm32f1xx_hal_msp.o
 .debug_abbrev  0x0000000000000df5      0x1a5 ./Core/Src/stm32f1xx_it.o
 .debug_abbrev  0x0000000000000f9a      0x286 ./Core/Src/syscalls.o
 .debug_abbrev  0x0000000000001220      0x14e ./Core/Src/system_stm32f1xx.o
 .debug_abbrev  0x000000000000136e       0x12 ./Core/Startup/startup_stm32f103retx.o
 .debug_abbrev  0x0000000000001380      0x1ed ./Drivers/STM32F1xx_HAL_Driver/Src/stm32f1xx_hal.o
 .debug_abbrev  0x000000000000156d      0x1fb ./Drivers/STM32F1xx_HAL_Driver/Src/stm32f1xx_hal_adc.o
 .debug_abbrev  0x0000000000001768      0x21f ./Drivers/STM32F1xx_HAL_Driver/Src/stm32f1xx_hal_adc_ex.o
 .debug_abbrev  0x0000000000001987      0x255 ./Drivers/STM32F1xx_HAL_Driver/Src/stm32f1xx_hal_can.o
 .debug_abbrev  0x0000000000001bdc      0x313 ./Drivers/STM32F1xx_HAL_Driver/Src/stm32f1xx_hal_cortex.o
 .debug_abbrev  0x0000000000001eef      0x1e8 ./Drivers/STM32F1xx_HAL_Driver/Src/stm32f1xx_hal_gpio.o
 .debug_abbrev  0x00000000000020d7      0x273 ./Drivers/STM32F1xx_HAL_Driver/Src/stm32f1xx_hal_rcc.o
 .debug_abbrev  0x000000000000234a      0x193 ./Drivers/STM32F1xx_HAL_Driver/Src/stm32f1xx_hal_rcc_ex.o

.debug_aranges  0x0000000000000000      0x9c0
 .debug_aranges
                0x0000000000000000      0x278 ./Core/Src/main.o
 .debug_aranges
                0x0000000000000278       0x40 ./Core/Src/stm32f1xx_hal_msp.o
 .debug_aranges
                0x00000000000002b8       0x70 ./Core/Src/stm32f1xx_it.o
 .debug_aranges
                0x0000000000000328       0xa8 ./Core/Src/syscalls.o
 .debug_aranges
                0x00000000000003d0       0x28 ./Core/Src/system_stm32f1xx.o
 .debug_aranges
                0x00000000000003f8       0x28 ./Core/Startup/startup_stm32f103retx.o
 .debug_aranges
                0x0000000000000420       0xe0 ./Drivers/STM32F1xx_HAL_Driver/Src/stm32f1xx_hal.o
 .debug_aranges
                0x0000000000000500       0xf0 ./Drivers/STM32F1xx_HAL_Driver/Src/stm32f1xx_hal_adc.o
 .debug_aranges
                0x00000000000005f0       0x80 ./Drivers/STM32F1xx_HAL_Driver/Src/stm32f1xx_hal_adc_ex.o
 .debug_aranges
                0x0000000000000670      0x138 ./Drivers/STM32F1xx_HAL_Driver/Src/stm32f1xx_hal_can.o
 .debug_aranges
                0x00000000000007a8      0x100 ./Drivers/STM32F1xx_HAL_Driver/Src/stm32f1xx_hal_cortex.o
 .debug_aranges
                0x00000000000008a8       0x58 ./Drivers/STM32F1xx_HAL_Driver/Src/stm32f1xx_hal_gpio.o
 .debug_aranges
                0x0000000000000900       0x90 ./Drivers/STM32F1xx_HAL_Driver/Src/stm32f1xx_hal_rcc.o
 .debug_aranges
                0x0000000000000990       0x30 ./Drivers/STM32F1xx_HAL_Driver/Src/stm32f1xx_hal_rcc_ex.o

.debug_ranges   0x0000000000000000      0x8e8
 .debug_ranges  0x0000000000000000      0x268 ./Core/Src/main.o
 .debug_ranges  0x0000000000000268       0x30 ./Core/Src/stm32f1xx_hal_msp.o
 .debug_ranges  0x0000000000000298       0x60 ./Core/Src/stm32f1xx_it.o
 .debug_ranges  0x00000000000002f8       0x98 ./Core/Src/syscalls.o
 .debug_ranges  0x0000000000000390       0x18 ./Core/Src/system_stm32f1xx.o
 .debug_ranges  0x00000000000003a8       0x20 ./Core/Startup/startup_stm32f103retx.o
 .debug_ranges  0x00000000000003c8       0xd0 ./Drivers/STM32F1xx_HAL_Driver/Src/stm32f1xx_hal.o
 .debug_ranges  0x0000000000000498       0xe0 ./Drivers/STM32F1xx_HAL_Driver/Src/stm32f1xx_hal_adc.o
 .debug_ranges  0x0000000000000578       0x70 ./Drivers/STM32F1xx_HAL_Driver/Src/stm32f1xx_hal_adc_ex.o
 .debug_ranges  0x00000000000005e8      0x128 ./Drivers/STM32F1xx_HAL_Driver/Src/stm32f1xx_hal_can.o
 .debug_ranges  0x0000000000000710       0xf0 ./Drivers/STM32F1xx_HAL_Driver/Src/stm32f1xx_hal_cortex.o
 .debug_ranges  0x0000000000000800       0x48 ./Drivers/STM32F1xx_HAL_Driver/Src/stm32f1xx_hal_gpio.o
 .debug_ranges  0x0000000000000848       0x80 ./Drivers/STM32F1xx_HAL_Driver/Src/stm32f1xx_hal_rcc.o
 .debug_ranges  0x00000000000008c8       0x20 ./Drivers/STM32F1xx_HAL_Driver/Src/stm32f1xx_hal_rcc_ex.o

.debug_macro    0x0000000000000000    0x1d9b2
 .debug_macro   0x0000000000000000      0x74e ./Core/Src/main.o
 .debug_macro   0x000000000000074e      0xb74 ./Core/Src/main.o
 .debug_macro   0x00000000000012c2      0x21b ./Core/Src/main.o
 .debug_macro   0x00000000000014dd       0x2e ./Core/Src/main.o
 .debug_macro   0x000000000000150b       0x22 ./Core/Src/main.o
 .debug_macro   0x000000000000152d       0x1c ./Core/Src/main.o
 .debug_macro   0x0000000000001549       0x22 ./Core/Src/main.o
 .debug_macro   0x000000000000156b       0x8e ./Core/Src/main.o
 .debug_macro   0x00000000000015f9       0x51 ./Core/Src/main.o
 .debug_macro   0x000000000000164a      0x103 ./Core/Src/main.o
 .debug_macro   0x000000000000174d       0x6a ./Core/Src/main.o
 .debug_macro   0x00000000000017b7      0x1df ./Core/Src/main.o
 .debug_macro   0x0000000000001996       0x1c ./Core/Src/main.o
 .debug_macro   0x00000000000019b2       0x22 ./Core/Src/main.o
 .debug_macro   0x00000000000019d4       0xc3 ./Core/Src/main.o
 .debug_macro   0x0000000000001a97      0xd23 ./Core/Src/main.o
 .debug_macro   0x00000000000027ba     0xfd8c ./Core/Src/main.o
 .debug_macro   0x0000000000012546       0x6d ./Core/Src/main.o
 .debug_macro   0x00000000000125b3     0x348d ./Core/Src/main.o
 .debug_macro   0x0000000000015a40      0x17b ./Core/Src/main.o
 .debug_macro   0x0000000000015bbb       0x5c ./Core/Src/main.o
 .debug_macro   0x0000000000015c17      0x5bc ./Core/Src/main.o
 .debug_macro   0x00000000000161d3      0x4d5 ./Core/Src/main.o
 .debug_macro   0x00000000000166a8      0x1cb ./Core/Src/main.o
 .debug_macro   0x0000000000016873      0x114 ./Core/Src/main.o
 .debug_macro   0x0000000000016987      0x1ea ./Core/Src/main.o
 .debug_macro   0x0000000000016b71       0x27 ./Core/Src/main.o
 .debug_macro   0x0000000000016b98      0x144 ./Core/Src/main.o
 .debug_macro   0x0000000000016cdc      0x1bc ./Core/Src/main.o
 .debug_macro   0x0000000000016e98       0x30 ./Core/Src/main.o
 .debug_macro   0x0000000000016ec8       0x3c ./Core/Src/main.o
 .debug_macro   0x0000000000016f04      0x408 ./Core/Src/main.o
 .debug_macro   0x000000000001730c       0x57 ./Core/Src/main.o
 .debug_macro   0x0000000000017363      0x46a ./Core/Src/main.o
 .debug_macro   0x00000000000177cd      0x25d ./Core/Src/main.o
 .debug_macro   0x0000000000017a2a       0x87 ./Core/Src/main.o
 .debug_macro   0x0000000000017ab1      0x24f ./Core/Src/main.o
 .debug_macro   0x0000000000017d00      0x140 ./Core/Src/main.o
 .debug_macro   0x0000000000017e40       0xb5 ./Core/Src/main.o
 .debug_macro   0x0000000000017ef5       0xe8 ./Core/Src/main.o
 .debug_macro   0x0000000000017fdd      0x17c ./Core/Src/main.o
 .debug_macro   0x0000000000018159       0x10 ./Core/Src/main.o
 .debug_macro   0x0000000000018169      0x41e ./Core/Src/main.o
 .debug_macro   0x0000000000018587       0x28 ./Core/Src/main.o
 .debug_macro   0x00000000000185af       0x41 ./Core/Src/main.o
 .debug_macro   0x00000000000185f0       0x12 ./Core/Src/main.o
 .debug_macro   0x0000000000018602       0x1c ./Core/Src/main.o
 .debug_macro   0x000000000001861e       0x10 ./Core/Src/main.o
 .debug_macro   0x000000000001862e       0x27 ./Core/Src/main.o
 .debug_macro   0x0000000000018655       0x18 ./Core/Src/main.o
 .debug_macro   0x000000000001866d       0x6e ./Core/Src/main.o
 .debug_macro   0x00000000000186db       0x2e ./Core/Src/main.o
 .debug_macro   0x0000000000018709       0x19 ./Core/Src/main.o
 .debug_macro   0x0000000000018722       0x88 ./Core/Src/main.o
 .debug_macro   0x00000000000187aa       0x19 ./Core/Src/main.o
 .debug_macro   0x00000000000187c3       0x52 ./Core/Src/main.o
 .debug_macro   0x0000000000018815       0x18 ./Core/Src/main.o
 .debug_macro   0x000000000001882d       0x3c ./Core/Src/main.o
 .debug_macro   0x0000000000018869       0x34 ./Core/Src/main.o
 .debug_macro   0x000000000001889d       0x16 ./Core/Src/main.o
 .debug_macro   0x00000000000188b3       0x43 ./Core/Src/main.o
 .debug_macro   0x00000000000188f6       0x34 ./Core/Src/main.o
 .debug_macro   0x000000000001892a       0x10 ./Core/Src/main.o
 .debug_macro   0x000000000001893a       0x58 ./Core/Src/main.o
 .debug_macro   0x0000000000018992       0x71 ./Core/Src/main.o
 .debug_macro   0x0000000000018a03       0x16 ./Core/Src/main.o
 .debug_macro   0x0000000000018a19      0x12a ./Core/Src/main.o
 .debug_macro   0x0000000000018b43       0x1c ./Core/Src/main.o
 .debug_macro   0x0000000000018b5f       0x3c ./Core/Src/main.o
 .debug_macro   0x0000000000018b9b      0x356 ./Core/Src/main.o
 .debug_macro   0x0000000000018ef1       0x10 ./Core/Src/main.o
 .debug_macro   0x0000000000018f01       0x10 ./Core/Src/main.o
 .debug_macro   0x0000000000018f11       0x33 ./Core/Src/main.o
 .debug_macro   0x0000000000018f44      0x173 ./Core/Src/main.o
 .debug_macro   0x00000000000190b7       0x17 ./Core/Src/main.o
 .debug_macro   0x00000000000190ce       0x10 ./Core/Src/main.o
 .debug_macro   0x00000000000190de       0x35 ./Core/Src/main.o
 .debug_macro   0x0000000000019113       0x5e ./Core/Src/main.o
 .debug_macro   0x0000000000019171       0x16 ./Core/Src/main.o
 .debug_macro   0x0000000000019187       0x52 ./Core/Src/main.o
 .debug_macro   0x00000000000191d9       0x5e ./Core/Src/main.o
 .debug_macro   0x0000000000019237       0x11 ./Core/Src/main.o
 .debug_macro   0x0000000000019248       0x2f ./Core/Src/main.o
 .debug_macro   0x0000000000019277       0x16 ./Core/Src/main.o
 .debug_macro   0x000000000001928d       0x10 ./Core/Src/main.o
 .debug_macro   0x000000000001929d       0x10 ./Core/Src/main.o
 .debug_macro   0x00000000000192ad       0x16 ./Core/Src/main.o
 .debug_macro   0x00000000000192c3       0x16 ./Core/Src/main.o
 .debug_macro   0x00000000000192d9       0x29 ./Core/Src/main.o
 .debug_macro   0x0000000000019302       0x1c ./Core/Src/main.o
 .debug_macro   0x000000000001931e       0xde ./Core/Src/main.o
 .debug_macro   0x00000000000193fc       0x1c ./Core/Src/main.o
 .debug_macro   0x0000000000019418       0x10 ./Core/Src/main.o
 .debug_macro   0x0000000000019428       0x1c ./Core/Src/main.o
 .debug_macro   0x0000000000019444       0x52 ./Core/Src/main.o
 .debug_macro   0x0000000000019496       0x22 ./Core/Src/main.o
 .debug_macro   0x00000000000194b8       0x10 ./Core/Src/main.o
 .debug_macro   0x00000000000194c8       0x40 ./Core/Src/main.o
 .debug_macro   0x0000000000019508       0xd5 ./Core/Src/main.o
 .debug_macro   0x00000000000195dd       0x1c ./Core/Src/main.o
 .debug_macro   0x00000000000195f9       0x3d ./Core/Src/main.o
 .debug_macro   0x0000000000019636       0x16 ./Core/Src/main.o
 .debug_macro   0x000000000001964c      0x130 ./Core/Src/main.o
 .debug_macro   0x000000000001977c      0x11d ./Core/Src/main.o
 .debug_macro   0x0000000000019899       0x10 ./Core/Src/main.o
 .debug_macro   0x00000000000198a9      0x241 ./Core/Src/main.o
 .debug_macro   0x0000000000019aea       0x17 ./Core/Src/main.o
 .debug_macro   0x0000000000019b01       0x22 ./Core/Src/main.o
 .debug_macro   0x0000000000019b23       0x20 ./Core/Src/main.o
 .debug_macro   0x0000000000019b43      0x1a2 ./Core/Src/main.o
 .debug_macro   0x0000000000019ce5      0x3cd ./Core/Src/main.o
 .debug_macro   0x000000000001a0b2      0x1b1 ./Core/Src/stm32f1xx_hal_msp.o
 .debug_macro   0x000000000001a263      0xa9c ./Core/Src/stm32f1xx_hal_msp.o
 .debug_macro   0x000000000001acff      0xd23 ./Core/Src/stm32f1xx_hal_msp.o
 .debug_macro   0x000000000001ba22      0x174 ./Core/Src/stm32f1xx_hal_msp.o
 .debug_macro   0x000000000001bb96      0x1bb ./Core/Src/stm32f1xx_it.o
 .debug_macro   0x000000000001bd51      0x24c ./Core/Src/syscalls.o
 .debug_macro   0x000000000001bf9d       0x4c ./Core/Src/syscalls.o
 .debug_macro   0x000000000001bfe9       0x94 ./Core/Src/syscalls.o
 .debug_macro   0x000000000001c07d       0x34 ./Core/Src/syscalls.o
 .debug_macro   0x000000000001c0b1       0x57 ./Core/Src/syscalls.o
 .debug_macro   0x000000000001c108      0x339 ./Core/Src/syscalls.o
 .debug_macro   0x000000000001c441       0x43 ./Core/Src/syscalls.o
 .debug_macro   0x000000000001c484       0x1c ./Core/Src/syscalls.o
 .debug_macro   0x000000000001c4a0       0x10 ./Core/Src/syscalls.o
 .debug_macro   0x000000000001c4b0       0x35 ./Core/Src/syscalls.o
 .debug_macro   0x000000000001c4e5       0x10 ./Core/Src/syscalls.o
 .debug_macro   0x000000000001c4f5       0x10 ./Core/Src/syscalls.o
 .debug_macro   0x000000000001c505       0x35 ./Core/Src/syscalls.o
 .debug_macro   0x000000000001c53a      0x12c ./Core/Src/syscalls.o
 .debug_macro   0x000000000001c666       0x10 ./Core/Src/syscalls.o
 .debug_macro   0x000000000001c676      0x145 ./Core/Src/syscalls.o
 .debug_macro   0x000000000001c7bb      0x189 ./Core/Src/syscalls.o
 .debug_macro   0x000000000001c944       0x16 ./Core/Src/syscalls.o
 .debug_macro   0x000000000001c95a       0xce ./Core/Src/syscalls.o
 .debug_macro   0x000000000001ca28      0x1a2 ./Core/Src/system_stm32f1xx.o
 .debug_macro   0x000000000001cbca      0x1c6 ./Drivers/STM32F1xx_HAL_Driver/Src/stm32f1xx_hal.o
 .debug_macro   0x000000000001cd90      0x1bf ./Drivers/STM32F1xx_HAL_Driver/Src/stm32f1xx_hal_adc.o
 .debug_macro   0x000000000001cf4f      0x1b4 ./Drivers/STM32F1xx_HAL_Driver/Src/stm32f1xx_hal_adc_ex.o
 .debug_macro   0x000000000001d103      0x1aa ./Drivers/STM32F1xx_HAL_Driver/Src/stm32f1xx_hal_can.o
 .debug_macro   0x000000000001d2ad      0x1a2 ./Drivers/STM32F1xx_HAL_Driver/Src/stm32f1xx_hal_cortex.o
 .debug_macro   0x000000000001d44f      0x20d ./Drivers/STM32F1xx_HAL_Driver/Src/stm32f1xx_hal_gpio.o
 .debug_macro   0x000000000001d65c      0x1b4 ./Drivers/STM32F1xx_HAL_Driver/Src/stm32f1xx_hal_rcc.o
 .debug_macro   0x000000000001d810      0x1a2 ./Drivers/STM32F1xx_HAL_Driver/Src/stm32f1xx_hal_rcc_ex.o

.debug_line     0x0000000000000000     0xa1b4
 .debug_line    0x0000000000000000     0x223b ./Core/Src/main.o
 .debug_line    0x000000000000223b      0x71b ./Core/Src/stm32f1xx_hal_msp.o
 .debug_line    0x0000000000002956      0x76e ./Core/Src/stm32f1xx_it.o
 .debug_line    0x00000000000030c4      0x802 ./Core/Src/syscalls.o
 .debug_line    0x00000000000038c6      0x6fa ./Core/Src/system_stm32f1xx.o
 .debug_line    0x0000000000003fc0       0x87 ./Core/Startup/startup_stm32f103retx.o
 .debug_line    0x0000000000004047      0x927 ./Drivers/STM32F1xx_HAL_Driver/Src/stm32f1xx_hal.o
 .debug_line    0x000000000000496e      0xfc2 ./Drivers/STM32F1xx_HAL_Driver/Src/stm32f1xx_hal_adc.o
 .debug_line    0x0000000000005930      0xd0b ./Drivers/STM32F1xx_HAL_Driver/Src/stm32f1xx_hal_adc_ex.o
 .debug_line    0x000000000000663b     0x10ce ./Drivers/STM32F1xx_HAL_Driver/Src/stm32f1xx_hal_can.o
 .debug_line    0x0000000000007709      0xb0f ./Drivers/STM32F1xx_HAL_Driver/Src/stm32f1xx_hal_cortex.o
 .debug_line    0x0000000000008218      0x9e8 ./Drivers/STM32F1xx_HAL_Driver/Src/stm32f1xx_hal_gpio.o
 .debug_line    0x0000000000008c00      0xd33 ./Drivers/STM32F1xx_HAL_Driver/Src/stm32f1xx_hal_rcc.o
 .debug_line    0x0000000000009933      0x881 ./Drivers/STM32F1xx_HAL_Driver/Src/stm32f1xx_hal_rcc_ex.o

.debug_str      0x0000000000000000    0xa3b5d
 .debug_str     0x0000000000000000    0xa0c10 ./Core/Src/main.o
                                      0xa19cb (size before relaxing)
 .debug_str     0x00000000000a0c10      0x531 ./Core/Src/stm32f1xx_hal_msp.o
                                      0x9126c (size before relaxing)
 .debug_str     0x00000000000a1141       0xbd ./Core/Src/stm32f1xx_it.o
                                      0x90e6d (size before relaxing)
 .debug_str     0x00000000000a11fe     0x1320 ./Core/Src/syscalls.o
                                       0x8e6a (size before relaxing)
 .debug_str     0x00000000000a251e       0x52 ./Core/Src/system_stm32f1xx.o
                                      0x90503 (size before relaxing)
 .debug_str     0x00000000000a2570       0x36 ./Core/Startup/startup_stm32f103retx.o
                                         0x51 (size before relaxing)
 .debug_str     0x00000000000a25a6      0x2e1 ./Drivers/STM32F1xx_HAL_Driver/Src/stm32f1xx_hal.o
                                      0x90c78 (size before relaxing)
 .debug_str     0x00000000000a2887      0x391 ./Drivers/STM32F1xx_HAL_Driver/Src/stm32f1xx_hal_adc.o
                                      0x90b9a (size before relaxing)
 .debug_str     0x00000000000a2c18      0x211 ./Drivers/STM32F1xx_HAL_Driver/Src/stm32f1xx_hal_adc_ex.o
                                      0x90b48 (size before relaxing)
 .debug_str     0x00000000000a2e29      0x456 ./Drivers/STM32F1xx_HAL_Driver/Src/stm32f1xx_hal_can.o
                                      0x90d23 (size before relaxing)
 .debug_str     0x00000000000a327f      0x2cf ./Drivers/STM32F1xx_HAL_Driver/Src/stm32f1xx_hal_cortex.o
                                      0x90c80 (size before relaxing)
 .debug_str     0x00000000000a354e      0x307 ./Drivers/STM32F1xx_HAL_Driver/Src/stm32f1xx_hal_gpio.o
                                      0x908c7 (size before relaxing)
 .debug_str     0x00000000000a3855      0x24f ./Drivers/STM32F1xx_HAL_Driver/Src/stm32f1xx_hal_rcc.o
                                      0x90900 (size before relaxing)
 .debug_str     0x00000000000a3aa4       0xb9 ./Drivers/STM32F1xx_HAL_Driver/Src/stm32f1xx_hal_rcc_ex.o
                                      0x906b3 (size before relaxing)

.comment        0x0000000000000000       0x53
 .comment       0x0000000000000000       0x53 ./Core/Src/main.o
                                         0x54 (size before relaxing)
 .comment       0x0000000000000053       0x54 ./Core/Src/stm32f1xx_hal_msp.o
 .comment       0x0000000000000053       0x54 ./Core/Src/stm32f1xx_it.o
 .comment       0x0000000000000053       0x54 ./Core/Src/syscalls.o
 .comment       0x0000000000000053       0x54 ./Core/Src/system_stm32f1xx.o
 .comment       0x0000000000000053       0x54 ./Drivers/STM32F1xx_HAL_Driver/Src/stm32f1xx_hal.o
 .comment       0x0000000000000053       0x54 ./Drivers/STM32F1xx_HAL_Driver/Src/stm32f1xx_hal_adc.o
 .comment       0x0000000000000053       0x54 ./Drivers/STM32F1xx_HAL_Driver/Src/stm32f1xx_hal_adc_ex.o
 .comment       0x0000000000000053       0x54 ./Drivers/STM32F1xx_HAL_Driver/Src/stm32f1xx_hal_can.o
 .comment       0x0000000000000053       0x54 ./Drivers/STM32F1xx_HAL_Driver/Src/stm32f1xx_hal_cortex.o
 .comment       0x0000000000000053       0x54 ./Drivers/STM32F1xx_HAL_Driver/Src/stm32f1xx_hal_gpio.o
 .comment       0x0000000000000053       0x54 ./Drivers/STM32F1xx_HAL_Driver/Src/stm32f1xx_hal_rcc.o
 .comment       0x0000000000000053       0x54 ./Drivers/STM32F1xx_HAL_Driver/Src/stm32f1xx_hal_rcc_ex.o

.debug_frame    0x0000000000000000     0x29e4
 .debug_frame   0x0000000000000000      0xb08 ./Core/Src/main.o
 .debug_frame   0x0000000000000b08       0xc8 ./Core/Src/stm32f1xx_hal_msp.o
 .debug_frame   0x0000000000000bd0      0x13c ./Core/Src/stm32f1xx_it.o
 .debug_frame   0x0000000000000d0c      0x2ac ./Core/Src/syscalls.o
 .debug_frame   0x0000000000000fb8       0x58 ./Core/Src/system_stm32f1xx.o
 .debug_frame   0x0000000000001010      0x334 ./Drivers/STM32F1xx_HAL_Driver/Src/stm32f1xx_hal.o
 .debug_frame   0x0000000000001344      0x40c ./Drivers/STM32F1xx_HAL_Driver/Src/stm32f1xx_hal_adc.o
 .debug_frame   0x0000000000001750      0x200 ./Drivers/STM32F1xx_HAL_Driver/Src/stm32f1xx_hal_adc_ex.o
 .debug_frame   0x0000000000001950      0x5a0 ./Drivers/STM32F1xx_HAL_Driver/Src/stm32f1xx_hal_can.o
 .debug_frame   0x0000000000001ef0      0x428 ./Drivers/STM32F1xx_HAL_Driver/Src/stm32f1xx_hal_cortex.o
 .debug_frame   0x0000000000002318      0x14c ./Drivers/STM32F1xx_HAL_Driver/Src/stm32f1xx_hal_gpio.o
 .debug_frame   0x0000000000002464      0x218 ./Drivers/STM32F1xx_HAL_Driver/Src/stm32f1xx_hal_rcc.o
 .debug_frame   0x000000000000267c       0x80 ./Drivers/STM32F1xx_HAL_Driver/Src/stm32f1xx_hal_rcc_ex.o
 .debug_frame   0x00000000000026fc       0x40 c:/st/stm32cubeide_1.7.0/stm32cubeide/plugins/com.st.stm32cube.ide.mcu.externaltools.gnu-tools-for-stm32.9-2020-q2-update.win32_2.0.0.202105311346/tools/bin/../lib/gcc/arm-none-eabi/9.3.1/../../../../arm-none-eabi/lib/thumb/v7-m/nofp\libstdc++_nano.a(pure.o)
 .debug_frame   0x000000000000273c       0xb0 c:/st/stm32cubeide_1.7.0/stm32cubeide/plugins/com.st.stm32cube.ide.mcu.externaltools.gnu-tools-for-stm32.9-2020-q2-update.win32_2.0.0.202105311346/tools/bin/../lib/gcc/arm-none-eabi/9.3.1/../../../../arm-none-eabi/lib/thumb/v7-m/nofp\libstdc++_nano.a(eh_terminate.o)
 .debug_frame   0x00000000000027ec       0x28 c:/st/stm32cubeide_1.7.0/stm32cubeide/plugins/com.st.stm32cube.ide.mcu.externaltools.gnu-tools-for-stm32.9-2020-q2-update.win32_2.0.0.202105311346/tools/bin/../lib/gcc/arm-none-eabi/9.3.1/../../../../arm-none-eabi/lib/thumb/v7-m/nofp\libc_nano.a(lib_a-abort.o)
 .debug_frame   0x0000000000002814       0x20 c:/st/stm32cubeide_1.7.0/stm32cubeide/plugins/com.st.stm32cube.ide.mcu.externaltools.gnu-tools-for-stm32.9-2020-q2-update.win32_2.0.0.202105311346/tools/bin/../lib/gcc/arm-none-eabi/9.3.1/../../../../arm-none-eabi/lib/thumb/v7-m/nofp\libc_nano.a(lib_a-errno.o)
 .debug_frame   0x0000000000002834       0x2c c:/st/stm32cubeide_1.7.0/stm32cubeide/plugins/com.st.stm32cube.ide.mcu.externaltools.gnu-tools-for-stm32.9-2020-q2-update.win32_2.0.0.202105311346/tools/bin/../lib/gcc/arm-none-eabi/9.3.1/../../../../arm-none-eabi/lib/thumb/v7-m/nofp\libc_nano.a(lib_a-init.o)
 .debug_frame   0x0000000000002860       0x20 c:/st/stm32cubeide_1.7.0/stm32cubeide/plugins/com.st.stm32cube.ide.mcu.externaltools.gnu-tools-for-stm32.9-2020-q2-update.win32_2.0.0.202105311346/tools/bin/../lib/gcc/arm-none-eabi/9.3.1/../../../../arm-none-eabi/lib/thumb/v7-m/nofp\libc_nano.a(lib_a-memset.o)
 .debug_frame   0x0000000000002880       0xcc c:/st/stm32cubeide_1.7.0/stm32cubeide/plugins/com.st.stm32cube.ide.mcu.externaltools.gnu-tools-for-stm32.9-2020-q2-update.win32_2.0.0.202105311346/tools/bin/../lib/gcc/arm-none-eabi/9.3.1/../../../../arm-none-eabi/lib/thumb/v7-m/nofp\libc_nano.a(lib_a-signal.o)
 .debug_frame   0x000000000000294c       0x3c c:/st/stm32cubeide_1.7.0/stm32cubeide/plugins/com.st.stm32cube.ide.mcu.externaltools.gnu-tools-for-stm32.9-2020-q2-update.win32_2.0.0.202105311346/tools/bin/../lib/gcc/arm-none-eabi/9.3.1/../../../../arm-none-eabi/lib/thumb/v7-m/nofp\libc_nano.a(lib_a-signalr.o)
 .debug_frame   0x0000000000002988       0x5c c:/st/stm32cubeide_1.7.0/stm32cubeide/plugins/com.st.stm32cube.ide.mcu.externaltools.gnu-tools-for-stm32.9-2020-q2-update.win32_2.0.0.202105311346/tools/bin/../lib/gcc/arm-none-eabi/9.3.1/../../../../arm-none-eabi/lib/thumb/v7-m/nofp\libc_nano.a(lib_a-reent.o)
